{
  "dmnVersion" : "1.1",
  "modelVersion" : "2.0",
  "platformVersion" : "1.0",
  "dmnNamespaces" : [ "http://www.trisotech.com/definitions/_92a0c25f-707e-4fc8-ae2d-2ab51ebe6bb6" ],
  "nativeNamespace" : "",
  "types" : [ {
    "@kind" : "compositeType",
    "id" : "tA",
    "isCollection" : false,
    "name" : "tA",
    "types" : [ {
      "@kind" : "referenceType",
      "id" : "_adf6f96a-c574-4ba7-a305-ea14ad9852b1",
      "isCollection" : false,
      "name" : "name",
      "typeRef" : {
        "localName" : "string",
        "namespace" : "http://www.omg.org/spec/FEEL/20140401"
      }
    }, {
      "@kind" : "referenceType",
      "id" : "_d297adac-f086-42a0-989e-04c431270f77",
      "isCollection" : false,
      "name" : "price",
      "typeRef" : {
        "localName" : "number",
        "namespace" : "http://www.omg.org/spec/FEEL/20140401"
      }
    } ]
  }, {
    "@kind" : "referenceType",
    "id" : "tNumList",
    "isCollection" : true,
    "name" : "tNumList",
    "typeRef" : {
      "localName" : "number",
      "namespace" : "http://www.omg.org/spec/FEEL/20140401"
    }
  }, {
    "@kind" : "referenceType",
    "id" : "tStringList",
    "isCollection" : true,
    "name" : "tStringList",
    "typeRef" : {
      "localName" : "string",
      "namespace" : "http://www.omg.org/spec/FEEL/20140401"
    }
  } ],
  "elements" : [ {
    "@kind" : "inputData",
    "id" : "_fabdbafc-f28a-466d-ae08-86c5b928dad5",
    "javaParameterName" : "dateD",
    "javaTypeName" : "java.time.LocalDate",
    "name" : "dateD",
    "typeRef" : {
      "localName" : "date",
      "namespace" : "http://www.omg.org/spec/FEEL/20140401"
    }
  }, {
    "@kind" : "inputData",
    "id" : "_4926f78e-5df0-4d88-8ee7-1a418b08562f",
    "javaParameterName" : "dateE",
    "javaTypeName" : "java.time.LocalDate",
    "name" : "dateE",
    "typeRef" : {
      "localName" : "date",
      "namespace" : "http://www.omg.org/spec/FEEL/20140401"
    }
  }, {
    "@kind" : "inputData",
    "id" : "_3b175722-5f96-49e4-a50d-0bf9588c901c",
    "javaParameterName" : "numB",
    "javaTypeName" : "java.lang.Number",
    "name" : "numB",
    "typeRef" : {
      "localName" : "number",
      "namespace" : "http://www.omg.org/spec/FEEL/20140401"
    }
  }, {
    "@kind" : "inputData",
    "id" : "_25cdd674-9b3f-47b1-bace-1d4e3ce50d5d",
    "javaParameterName" : "numC",
    "javaTypeName" : "java.lang.Number",
    "name" : "numC",
    "typeRef" : {
      "localName" : "number",
      "namespace" : "http://www.omg.org/spec/FEEL/20140401"
    }
  }, {
    "@kind" : "inputData",
    "id" : "_18b9d486-1ec0-436d-af4b-3e4567e8bca9",
    "javaParameterName" : "structA",
    "javaTypeName" : "type.TA",
    "name" : "structA",
    "typeRef" : {
      "localName" : "tA",
      "namespace" : "http://www.trisotech.com/definitions/_92a0c25f-707e-4fc8-ae2d-2ab51ebe6bb6"
    }
  }, {
    "@kind" : "decision",
    "id" : "_ca5e0efd-3fff-4bf8-8939-85fc3b9c20b8",
    "informationReferences" : [ {
      "reference" : "_fabdbafc-f28a-466d-ae08-86c5b928dad5"
    } ],
    "javaOutputTypeName" : "Boolean",
    "javaParameterName" : "dateCompare1",
    "javaTypeName" : "DateCompare1",
    "knowledgeReferences" : [ ],
    "name" : "dateCompare1",
    "protoRequestName" : "proto.DateCompare1Request",
    "protoResponseName" : "proto.DateCompare1Response",
    "transitiveRequiredInput" : [ {
      "@kind" : "inputData",
      "id" : "_fabdbafc-f28a-466d-ae08-86c5b928dad5",
      "javaParameterName" : "dateD",
      "javaTypeName" : "java.time.LocalDate",
      "name" : "dateD",
      "typeRef" : {
        "localName" : "date",
        "namespace" : "http://www.omg.org/spec/FEEL/20140401"
      }
    } ],
    "typeRef" : {
      "localName" : "boolean",
      "namespace" : "http://www.omg.org/spec/FEEL/20140401"
    }
  }, {
    "@kind" : "decision",
    "id" : "_bf3c3a79-9fa2-491f-8065-a990c70b50de",
    "informationReferences" : [ {
      "reference" : "_fabdbafc-f28a-466d-ae08-86c5b928dad5"
    }, {
      "reference" : "_4926f78e-5df0-4d88-8ee7-1a418b08562f"
    } ],
    "javaOutputTypeName" : "Boolean",
    "javaParameterName" : "dateCompare2",
    "javaTypeName" : "DateCompare2",
    "knowledgeReferences" : [ ],
    "name" : "dateCompare2",
    "protoRequestName" : "proto.DateCompare2Request",
    "protoResponseName" : "proto.DateCompare2Response",
    "transitiveRequiredInput" : [ {
      "@kind" : "inputData",
      "id" : "_fabdbafc-f28a-466d-ae08-86c5b928dad5",
      "javaParameterName" : "dateD",
      "javaTypeName" : "java.time.LocalDate",
      "name" : "dateD",
      "typeRef" : {
        "localName" : "date",
        "namespace" : "http://www.omg.org/spec/FEEL/20140401"
      }
    }, {
      "@kind" : "inputData",
      "id" : "_4926f78e-5df0-4d88-8ee7-1a418b08562f",
      "javaParameterName" : "dateE",
      "javaTypeName" : "java.time.LocalDate",
      "name" : "dateE",
      "typeRef" : {
        "localName" : "date",
        "namespace" : "http://www.omg.org/spec/FEEL/20140401"
      }
    } ],
    "typeRef" : {
      "localName" : "boolean",
      "namespace" : "http://www.omg.org/spec/FEEL/20140401"
    }
  }, {
    "@kind" : "decision",
    "id" : "_2683ec7f-fa17-4a1e-9151-8077a10c561f",
    "informationReferences" : [ {
      "reference" : "_18b9d486-1ec0-436d-af4b-3e4567e8bca9"
    } ],
    "javaOutputTypeName" : "Boolean",
    "javaParameterName" : "priceGt10",
    "javaTypeName" : "PriceGt10",
    "knowledgeReferences" : [ ],
    "name" : "priceGt10",
    "protoRequestName" : "proto.PriceGt10Request",
    "protoResponseName" : "proto.PriceGt10Response",
    "transitiveRequiredInput" : [ {
      "@kind" : "inputData",
      "id" : "_18b9d486-1ec0-436d-af4b-3e4567e8bca9",
      "javaParameterName" : "structA",
      "javaTypeName" : "type.TA",
      "name" : "structA",
      "typeRef" : {
        "localName" : "tA",
        "namespace" : "http://www.trisotech.com/definitions/_92a0c25f-707e-4fc8-ae2d-2ab51ebe6bb6"
      }
    } ],
    "typeRef" : {
      "localName" : "boolean",
      "namespace" : "http://www.omg.org/spec/FEEL/20140401"
    }
  }, {
    "@kind" : "decision",
    "id" : "_98e08c9d-66de-4f67-8bd9-cc667be27eb3",
    "informationReferences" : [ {
      "reference" : "_3b175722-5f96-49e4-a50d-0bf9588c901c"
    }, {
      "reference" : "_25cdd674-9b3f-47b1-bace-1d4e3ce50d5d"
    }, {
      "reference" : "_18b9d486-1ec0-436d-af4b-3e4567e8bca9"
    } ],
    "javaOutputTypeName" : "String",
    "javaParameterName" : "priceInRange",
    "javaTypeName" : "PriceInRange",
    "knowledgeReferences" : [ ],
    "name" : "priceInRange",
    "protoRequestName" : "proto.PriceInRangeRequest",
    "protoResponseName" : "proto.PriceInRangeResponse",
    "transitiveRequiredInput" : [ {
      "@kind" : "inputData",
      "id" : "_3b175722-5f96-49e4-a50d-0bf9588c901c",
      "javaParameterName" : "numB",
      "javaTypeName" : "java.lang.Number",
      "name" : "numB",
      "typeRef" : {
        "localName" : "number",
        "namespace" : "http://www.omg.org/spec/FEEL/20140401"
      }
    }, {
      "@kind" : "inputData",
      "id" : "_25cdd674-9b3f-47b1-bace-1d4e3ce50d5d",
      "javaParameterName" : "numC",
      "javaTypeName" : "java.lang.Number",
      "name" : "numC",
      "typeRef" : {
        "localName" : "number",
        "namespace" : "http://www.omg.org/spec/FEEL/20140401"
      }
    }, {
      "@kind" : "inputData",
      "id" : "_18b9d486-1ec0-436d-af4b-3e4567e8bca9",
      "javaParameterName" : "structA",
      "javaTypeName" : "type.TA",
      "name" : "structA",
      "typeRef" : {
        "localName" : "tA",
        "namespace" : "http://www.trisotech.com/definitions/_92a0c25f-707e-4fc8-ae2d-2ab51ebe6bb6"
      }
    } ],
    "typeRef" : {
      "localName" : "string",
      "namespace" : "http://www.omg.org/spec/FEEL/20140401"
    }
  } ]
}