{
  "dmnVersion" : "1.1",
  "modelVersion" : "2.0",
  "platformVersion" : "1.0",
  "dmnNamespace" : "http://www.provider.com/dmn/1.1/diagram/decc8a26dfaa47dc87eea384f5598ffd.xml",
  "nativeNamespace" : "",
  "types" : [ {
    "@kind" : "referenceType",
    "allowedValues" : null,
    "id" : "id-b44e259629dcec308db23011ab8ac3d0",
    "isCollection" : false,
    "label" : "BooleanInput",
    "name" : "booleanInput",
    "typeRef" : {
      "localName" : "boolean",
      "namespace" : "http://www.omg.org/spec/FEEL/20140401"
    }
  }, {
    "@kind" : "referenceType",
    "allowedValues" : null,
    "id" : "id-f3470367f2f5354c448fd2551e889508",
    "isCollection" : false,
    "label" : "DateInput",
    "name" : "dateInput",
    "typeRef" : {
      "localName" : "date",
      "namespace" : "http://www.omg.org/spec/FEEL/20140401"
    }
  }, {
    "@kind" : "referenceType",
    "allowedValues" : null,
    "id" : "id-71dbbea6c716212dcc667644c5b7487a",
    "isCollection" : false,
    "label" : "Decision",
    "name" : "decision",
    "typeRef" : {
      "localName" : "string",
      "namespace" : "http://www.omg.org/spec/FEEL/20140401"
    }
  }, {
    "@kind" : "referenceType",
    "allowedValues" : "\"E1\",\"E2\",\"E3\"",
    "id" : "id-358567c9173afa81082412c23a9b4362",
    "isCollection" : false,
    "label" : "EnumerationInput",
    "name" : "enumerationInput",
    "typeRef" : {
      "localName" : "string",
      "namespace" : "http://www.omg.org/spec/FEEL/20140401"
    }
  }, {
    "@kind" : "referenceType",
    "allowedValues" : null,
    "id" : "id-91d1a0779c6062d480c5944150aab8e2",
    "isCollection" : false,
    "label" : "NumberInput",
    "name" : "numberInput",
    "typeRef" : {
      "localName" : "number",
      "namespace" : "http://www.omg.org/spec/FEEL/20140401"
    }
  }, {
    "@kind" : "compositeType",
    "id" : "id-10edc449ea7a601271d9bdea97cf4d59",
    "isCollection" : false,
    "label" : "Person",
    "name" : "person",
    "types" : [ {
      "@kind" : "referenceType",
      "allowedValues" : null,
      "id" : "id-10edc449ea7a601271d9bdea97cf4d59-relation-1",
      "isCollection" : false,
      "label" : "age",
      "name" : "age",
      "typeRef" : {
        "localName" : "number",
        "namespace" : "http://www.omg.org/spec/FEEL/20140401"
      }
    }, {
      "@kind" : "referenceType",
      "allowedValues" : null,
      "id" : "id-10edc449ea7a601271d9bdea97cf4d59-relation-0",
      "isCollection" : false,
      "label" : "name",
      "name" : "name",
      "typeRef" : {
        "localName" : "string",
        "namespace" : "http://www.omg.org/spec/FEEL/20140401"
      }
    } ]
  }, {
    "@kind" : "referenceType",
    "allowedValues" : null,
    "id" : "id-97edc0210ca71740e7606073aaf27a5f",
    "isCollection" : false,
    "label" : "StringInput",
    "name" : "stringInput",
    "typeRef" : {
      "localName" : "string",
      "namespace" : "http://www.omg.org/spec/FEEL/20140401"
    }
  } ],
  "elements" : [ {
    "@kind" : "inputData",
    "diagramId" : "decc8a26dfaa47dc87eea384f5598ffd",
    "id" : "id-6de05e420c65c68c6d7ff492fb543761",
    "javaParameterName" : "booleanInput",
    "javaTypeName" : "Boolean",
    "label" : "BooleanInput",
    "name" : "booleanInput",
    "shapeId" : "sid-33CA99C2-492B-4066-AD8A-30B8FB9E3324",
    "typeRef" : {
      "localName" : "booleanInput",
      "namespace" : "http://www.provider.com/dmn/1.1/diagram/decc8a26dfaa47dc87eea384f5598ffd.xml"
    }
  }, {
    "@kind" : "inputData",
    "diagramId" : "decc8a26dfaa47dc87eea384f5598ffd",
    "id" : "id-77020aefc44a7244cad671c17e1a1b84",
    "javaParameterName" : "dateInput",
    "javaTypeName" : "javax.xml.datatype.XMLGregorianCalendar",
    "label" : "DateInput",
    "name" : "dateInput",
    "shapeId" : "sid-57288AF0-92AD-4FED-83F0-1D002471B815",
    "typeRef" : {
      "localName" : "dateInput",
      "namespace" : "http://www.provider.com/dmn/1.1/diagram/decc8a26dfaa47dc87eea384f5598ffd.xml"
    }
  }, {
    "@kind" : "inputData",
    "diagramId" : "decc8a26dfaa47dc87eea384f5598ffd",
    "id" : "id-a1e8f3d765e603fd24f7e3c3e5e393e7",
    "javaParameterName" : "enumerationInput",
    "javaTypeName" : "String",
    "label" : "EnumerationInput",
    "name" : "enumerationInput",
    "shapeId" : "sid-48647725-3095-4992-8EE5-E9A899B0D911",
    "typeRef" : {
      "localName" : "enumerationInput",
      "namespace" : "http://www.provider.com/dmn/1.1/diagram/decc8a26dfaa47dc87eea384f5598ffd.xml"
    }
  }, {
    "@kind" : "inputData",
    "diagramId" : "decc8a26dfaa47dc87eea384f5598ffd",
    "id" : "id-22ae16971705e9cc9b1251061f15b3c6",
    "javaParameterName" : "numberInput",
    "javaTypeName" : "java.math.BigDecimal",
    "label" : "NumberInput",
    "name" : "numberInput",
    "shapeId" : "sid-0C7E6091-29AA-4ABD-88A1-6EB83A7E5BC6",
    "typeRef" : {
      "localName" : "numberInput",
      "namespace" : "http://www.provider.com/dmn/1.1/diagram/decc8a26dfaa47dc87eea384f5598ffd.xml"
    }
  }, {
    "@kind" : "inputData",
    "diagramId" : "decc8a26dfaa47dc87eea384f5598ffd",
    "id" : "id-6493a3aaf6459b653b4f4cc87872cdf5",
    "javaParameterName" : "person",
    "javaTypeName" : "type.Person",
    "label" : "Person",
    "name" : "person",
    "shapeId" : "sid-57FA93C4-FAB3-40A7-89DD-4A1DC53A3BED",
    "typeRef" : {
      "localName" : "person",
      "namespace" : "http://www.provider.com/dmn/1.1/diagram/decc8a26dfaa47dc87eea384f5598ffd.xml"
    }
  }, {
    "@kind" : "inputData",
    "diagramId" : "decc8a26dfaa47dc87eea384f5598ffd",
    "id" : "id-cd14ac0ab8dac842af523d81d629ddf2",
    "javaParameterName" : "stringInput",
    "javaTypeName" : "String",
    "label" : "StringInput",
    "name" : "stringInput",
    "shapeId" : "sid-79515A36-E1C8-4859-AABB-77D457ACE3AE",
    "typeRef" : {
      "localName" : "stringInput",
      "namespace" : "http://www.provider.com/dmn/1.1/diagram/decc8a26dfaa47dc87eea384f5598ffd.xml"
    }
  }, {
    "@kind" : "decision",
    "diagramId" : "decc8a26dfaa47dc87eea384f5598ffd",
    "extensions" : [ ],
    "id" : "id-0f0801a66fe697bff21186134406da6e",
    "informationReferences" : [ {
      "reference" : "id-22ae16971705e9cc9b1251061f15b3c6"
    }, {
      "reference" : "id-a1e8f3d765e603fd24f7e3c3e5e393e7"
    }, {
      "reference" : "id-cd14ac0ab8dac842af523d81d629ddf2"
    }, {
      "reference" : "id-77020aefc44a7244cad671c17e1a1b84"
    }, {
      "reference" : "id-6de05e420c65c68c6d7ff492fb543761"
    }, {
      "reference" : "id-6493a3aaf6459b653b4f4cc87872cdf5"
    } ],
    "javaOutputTypeName" : "String",
    "javaParameterName" : "decision",
    "javaTypeName" : "Decision",
    "knowledgeReferences" : [ ],
    "label" : "Decision",
    "name" : "decision",
    "protoRequestName" : "proto.DecisionRequest",
    "protoResponseName" : "proto.DecisionResponse",
    "shapeId" : "sid-308674DD-5919-4882-A296-94080B2C407B",
    "transitiveRequiredInput" : [ {
      "@kind" : "inputData",
      "diagramId" : "decc8a26dfaa47dc87eea384f5598ffd",
      "id" : "id-6de05e420c65c68c6d7ff492fb543761",
      "javaParameterName" : "booleanInput",
      "javaTypeName" : "Boolean",
      "label" : "BooleanInput",
      "name" : "booleanInput",
      "shapeId" : "sid-33CA99C2-492B-4066-AD8A-30B8FB9E3324",
      "typeRef" : {
        "localName" : "booleanInput",
        "namespace" : "http://www.provider.com/dmn/1.1/diagram/decc8a26dfaa47dc87eea384f5598ffd.xml"
      }
    }, {
      "@kind" : "inputData",
      "diagramId" : "decc8a26dfaa47dc87eea384f5598ffd",
      "id" : "id-77020aefc44a7244cad671c17e1a1b84",
      "javaParameterName" : "dateInput",
      "javaTypeName" : "javax.xml.datatype.XMLGregorianCalendar",
      "label" : "DateInput",
      "name" : "dateInput",
      "shapeId" : "sid-57288AF0-92AD-4FED-83F0-1D002471B815",
      "typeRef" : {
        "localName" : "dateInput",
        "namespace" : "http://www.provider.com/dmn/1.1/diagram/decc8a26dfaa47dc87eea384f5598ffd.xml"
      }
    }, {
      "@kind" : "inputData",
      "diagramId" : "decc8a26dfaa47dc87eea384f5598ffd",
      "id" : "id-a1e8f3d765e603fd24f7e3c3e5e393e7",
      "javaParameterName" : "enumerationInput",
      "javaTypeName" : "String",
      "label" : "EnumerationInput",
      "name" : "enumerationInput",
      "shapeId" : "sid-48647725-3095-4992-8EE5-E9A899B0D911",
      "typeRef" : {
        "localName" : "enumerationInput",
        "namespace" : "http://www.provider.com/dmn/1.1/diagram/decc8a26dfaa47dc87eea384f5598ffd.xml"
      }
    }, {
      "@kind" : "inputData",
      "diagramId" : "decc8a26dfaa47dc87eea384f5598ffd",
      "id" : "id-22ae16971705e9cc9b1251061f15b3c6",
      "javaParameterName" : "numberInput",
      "javaTypeName" : "java.math.BigDecimal",
      "label" : "NumberInput",
      "name" : "numberInput",
      "shapeId" : "sid-0C7E6091-29AA-4ABD-88A1-6EB83A7E5BC6",
      "typeRef" : {
        "localName" : "numberInput",
        "namespace" : "http://www.provider.com/dmn/1.1/diagram/decc8a26dfaa47dc87eea384f5598ffd.xml"
      }
    }, {
      "@kind" : "inputData",
      "diagramId" : "decc8a26dfaa47dc87eea384f5598ffd",
      "id" : "id-6493a3aaf6459b653b4f4cc87872cdf5",
      "javaParameterName" : "person",
      "javaTypeName" : "type.Person",
      "label" : "Person",
      "name" : "person",
      "shapeId" : "sid-57FA93C4-FAB3-40A7-89DD-4A1DC53A3BED",
      "typeRef" : {
        "localName" : "person",
        "namespace" : "http://www.provider.com/dmn/1.1/diagram/decc8a26dfaa47dc87eea384f5598ffd.xml"
      }
    }, {
      "@kind" : "inputData",
      "diagramId" : "decc8a26dfaa47dc87eea384f5598ffd",
      "id" : "id-cd14ac0ab8dac842af523d81d629ddf2",
      "javaParameterName" : "stringInput",
      "javaTypeName" : "String",
      "label" : "StringInput",
      "name" : "stringInput",
      "shapeId" : "sid-79515A36-E1C8-4859-AABB-77D457ACE3AE",
      "typeRef" : {
        "localName" : "stringInput",
        "namespace" : "http://www.provider.com/dmn/1.1/diagram/decc8a26dfaa47dc87eea384f5598ffd.xml"
      }
    } ],
    "typeRef" : {
      "localName" : "decision",
      "namespace" : "http://www.provider.com/dmn/1.1/diagram/decc8a26dfaa47dc87eea384f5598ffd.xml"
    }
  } ]
}