<?xml version="1.0" encoding="UTF-8"?>
<testCases xmlns="http://www.omg.org/spec/DMN/20160719/testcase" xmlns:xsi="http://www.w3.org/2001/XMLSchema-instance" namespace="http://www.trisotech.com/definitions/_4e0f0b70-d31c-471c-bd52-5ca709ed362b">
  <modelName>0004-lending.dmn</modelName>
  <labels>
    <label>Compliance Level 3</label>
    <label>Literal Expression</label>
    <label>Item Definition</label>
    <label>Function Invocation</label>
    <label>Business Knowledge Model</label>
    <label>Context</label>
    <label>Decision Table: Single Output</label>
    <label>Hit Policy: UNIQUE</label>
    <label>Hit Policy: PRIORITY</label>
    <label>Hit Policy: COLLECT</label>
    <label>FEEL Arithmetic</label>
    <label>FEEL Conditionals</label>
    <label>Data Type: String</label>
    <label>Data Type: Number</label>
    <label>Data Type: Boolean</label>
    <label>Data Type: Structure</label>
  </labels>
  <testCase id="001" type="decision">
    <inputNode namespace="http://www.trisotech.com/definitions/_4e0f0b70-d31c-471c-bd52-5ca709ed362b" name="ApplicantData">
      <component name="Monthly">
        <component name="Income">
          <value>6000</value>
        </component>
        <component name="Expenses">
          <value>2000</value>
        </component>
        <component name="Repayments">
          <value>0</value>
        </component>
      </component>
      <component name="Age">
        <value>35</value>
      </component>
      <component name="ExistingCustomer">
        <value>true</value>
      </component>
      <component name="MaritalStatus">
        <value>M</value>
      </component>
      <component name="EmploymentStatus">
        <value>EMPLOYED</value>
      </component>
    </inputNode>
    <inputNode namespace="http://www.trisotech.com/definitions/_4e0f0b70-d31c-471c-bd52-5ca709ed362b" name="RequestedProduct">
      <component name="ProductType">
        <value>STANDARD LOAN</value>
      </component>
      <component name="Amount">
        <value>350000</value>
      </component>
      <component name="Rate">
        <value>0.0395</value>
      </component>
      <component name="Term">
        <value>360</value>
      </component>
    </inputNode>
    <inputNode namespace="http://www.trisotech.com/definitions/_4e0f0b70-d31c-471c-bd52-5ca709ed362b" name="BureauData">
      <component name="CreditScore">
        <value>649</value>
      </component>
      <component name="Bankrupt">
        <value>false</value>
      </component>
    </inputNode>
    <inputNode namespace="http://www.trisotech.com/definitions/_4e0f0b70-d31c-471c-bd52-5ca709ed362b" name="SupportingDocuments">
      <value>YES</value>
    </inputNode>
    <resultNode type="decision" namespace="http://www.trisotech.com/definitions/_4e0f0b70-d31c-471c-bd52-5ca709ed362b" name="Adjudication">
      <expected>
        <value>ACCEPT</value>
      </expected>
    </resultNode>
    <resultNode type="decision" namespace="http://www.trisotech.com/definitions/_4e0f0b70-d31c-471c-bd52-5ca709ed362b" name="ApplicationRiskScore">
      <expected>
        <value>130</value>
      </expected>
    </resultNode>
    <resultNode type="decision" namespace="http://www.trisotech.com/definitions/_4e0f0b70-d31c-471c-bd52-5ca709ed362b" name="Pre-bureauRiskCategory">
      <expected>
        <value>LOW</value>
      </expected>
    </resultNode>
    <resultNode type="decision" namespace="http://www.trisotech.com/definitions/_4e0f0b70-d31c-471c-bd52-5ca709ed362b" name="BureauCallType">
      <expected>
        <value>MINI</value>
      </expected>
    </resultNode>
    <resultNode type="decision" namespace="http://www.trisotech.com/definitions/_4e0f0b70-d31c-471c-bd52-5ca709ed362b" name="Post-bureauRiskCategory">
      <expected>
        <value>LOW</value>
      </expected>
    </resultNode>
    <resultNode type="decision" namespace="http://www.trisotech.com/definitions/_4e0f0b70-d31c-471c-bd52-5ca709ed362b" name="RequiredMonthlyInstallment">
      <expected>
        <value>1680.880325608555</value>
      </expected>
    </resultNode>
    <resultNode type="decision" namespace="http://www.trisotech.com/definitions/_4e0f0b70-d31c-471c-bd52-5ca709ed362b" name="Pre-bureauAffordability">
      <expected>
        <value>true</value>
      </expected>
    </resultNode>
    <resultNode type="decision" namespace="http://www.trisotech.com/definitions/_4e0f0b70-d31c-471c-bd52-5ca709ed362b" name="Eligibility">
      <expected>
        <value>ELIGIBLE</value>
      </expected>
    </resultNode>
    <resultNode type="decision" namespace="http://www.trisotech.com/definitions/_4e0f0b70-d31c-471c-bd52-5ca709ed362b" name="Strategy">
      <expected>
        <value>BUREAU</value>
      </expected>
    </resultNode>
    <resultNode type="decision" namespace="http://www.trisotech.com/definitions/_4e0f0b70-d31c-471c-bd52-5ca709ed362b" name="Post-bureauAffordability">
      <expected>
        <value>true</value>
      </expected>
    </resultNode>
    <resultNode type="decision" namespace="http://www.trisotech.com/definitions/_4e0f0b70-d31c-471c-bd52-5ca709ed362b" name="Routing">
      <expected>
        <value>ACCEPT</value>
      </expected>
    </resultNode>
  </testCase>
</testCases>
