{
  "dmnVersion" : "1.1",
  "modelVersion" : "2.0",
  "platformVersion" : "1.0",
  "dmnNamespace" : "http://www.omg.org/spec/DMN/20151101/dmn.xsd",
  "nativeNamespace" : "",
  "types" : [ {
    "@kind" : "compositeType",
    "id" : "item-definition-sid-AD811598-1741-4206-A9FC-280EF77B0B23",
    "isCollection" : false,
    "label" : "Loan",
    "name" : "loan",
    "types" : [ {
      "@kind" : "referenceType",
      "allowedValues" : null,
      "id" : "item-definition-principal-0",
      "isCollection" : false,
      "label" : "principal",
      "name" : "principal",
      "typeRef" : {
        "localName" : "number",
        "namespace" : "http://www.omg.org/spec/FEEL/20140401"
      }
    }, {
      "@kind" : "referenceType",
      "allowedValues" : null,
      "id" : "item-definition-rate-1",
      "isCollection" : false,
      "label" : "rate",
      "name" : "rate",
      "typeRef" : {
        "localName" : "number",
        "namespace" : "http://www.omg.org/spec/FEEL/20140401"
      }
    }, {
      "@kind" : "referenceType",
      "allowedValues" : null,
      "id" : "item-definition-term-2",
      "isCollection" : false,
      "label" : "term",
      "name" : "term",
      "typeRef" : {
        "localName" : "number",
        "namespace" : "http://www.omg.org/spec/FEEL/20140401"
      }
    } ]
  }, {
    "@kind" : "referenceType",
    "allowedValues" : null,
    "id" : "item-definition-sid-60E9B6E8-6251-4E45-86C4-4E46A3D9F64E",
    "isCollection" : false,
    "label" : "Monthly",
    "name" : "monthly",
    "typeRef" : {
      "localName" : "number",
      "namespace" : "http://www.omg.org/spec/FEEL/20140401"
    }
  } ],
  "elements" : [ {
    "@kind" : "inputData",
    "diagramId" : null,
    "id" : "sid-AD811598-1741-4206-A9FC-280EF77B0B23",
    "javaParameterName" : "loan",
    "javaTypeName" : "type.Loan",
    "label" : "Loan",
    "name" : "loan",
    "shapeId" : null,
    "typeRef" : {
      "localName" : "loan",
      "namespace" : "http://www.omg.org/spec/DMN/20151101/dmn.xsd"
    }
  }, {
    "@kind" : "decision",
    "diagramId" : null,
    "extensions" : [ ],
    "id" : "sid-60E9B6E8-6251-4E45-86C4-4E46A3D9F64E",
    "informationReferences" : [ {
      "reference" : "sid-AD811598-1741-4206-A9FC-280EF77B0B23"
    } ],
    "javaOutputTypeName" : "java.math.BigDecimal",
    "javaParameterName" : "monthly",
    "javaTypeName" : "Monthly",
    "knowledgeReferences" : [ ],
    "label" : "Monthly",
    "name" : "monthly",
    "protoRequestName" : "proto.MonthlyRequest",
    "protoResponseName" : "proto.MonthlyResponse",
    "shapeId" : null,
    "transitiveRequiredInput" : [ {
      "@kind" : "inputData",
      "diagramId" : null,
      "id" : "sid-AD811598-1741-4206-A9FC-280EF77B0B23",
      "javaParameterName" : "loan",
      "javaTypeName" : "type.Loan",
      "label" : "Loan",
      "name" : "loan",
      "shapeId" : null,
      "typeRef" : {
        "localName" : "loan",
        "namespace" : "http://www.omg.org/spec/DMN/20151101/dmn.xsd"
      }
    } ],
    "typeRef" : {
      "localName" : "monthly",
      "namespace" : "http://www.omg.org/spec/DMN/20151101/dmn.xsd"
    }
  } ]
}