{
  "@kind" : "definitions",
  "name" : "test",
  "namespace" : "http://tempuri.org",
  "description" : "dmn-ns:description",
  "itemDefinition" : [ {
    "@kind" : "itemDefinition",
    "name" : "type",
    "isCollection" : false,
    "description" : "dmn-ns:description",
    "extensionElements" : {
      "elementInfo" : {
        "prefix" : "dmn-ns",
        "namespaceURI" : "http://www.omg.org/spec/DMN/20151101/dmn.xsd"
      },
      "any" : [ {
        "@type" : "com.gs.dmn.serialization.xstream.extensions.test.ItemDefinition",
        "myAttr" : "myValueOfMyAtt"
      } ]
    },
    "elementInfo" : {
      "prefix" : "dmn-ns",
      "namespaceURI" : "http://www.omg.org/spec/DMN/20151101/dmn.xsd"
    }
  } ],
  "drgElement" : [ {
    "@kind" : "decision",
    "name" : "decision",
    "description" : "dmn-ns:description",
    "question" : "dmn-ns:question",
    "allowedAnswers" : "dmn-ns:allowedAnswers",
    "variable" : {
      "@kind" : "informationItem",
      "name" : "decision",
      "description" : "dmn-ns:description",
      "extensionElements" : {
        "elementInfo" : {
          "prefix" : "dmn-ns",
          "namespaceURI" : "http://www.omg.org/spec/DMN/20151101/dmn.xsd"
        },
        "any" : [ {
          "@type" : "com.gs.dmn.serialization.xstream.extensions.test.AllowedAnswer",
          "myAttr" : "myValueOfMyAtt"
        } ]
      },
      "elementInfo" : {
        "prefix" : "dmn-ns",
        "namespaceURI" : "http://www.omg.org/spec/DMN/20151101/dmn.xsd"
      }
    },
    "informationRequirement" : [ {
      "@kind" : "informationRequirement",
      "requiredDecision" : {
        "elementInfo" : {
          "prefix" : "dmn-ns",
          "namespaceURI" : "http://www.omg.org/spec/DMN/20151101/dmn.xsd"
        },
        "href" : "http://tempuri.org"
      },
      "elementInfo" : {
        "prefix" : "dmn-ns",
        "namespaceURI" : "http://www.omg.org/spec/DMN/20151101/dmn.xsd"
      }
    } ],
    "knowledgeRequirement" : [ {
      "@kind" : "knowledgeRequirement",
      "requiredKnowledge" : {
        "elementInfo" : {
          "prefix" : "dmn-ns",
          "namespaceURI" : "http://www.omg.org/spec/DMN/20151101/dmn.xsd"
        },
        "href" : "http://tempuri.org"
      },
      "elementInfo" : {
        "prefix" : "dmn-ns",
        "namespaceURI" : "http://www.omg.org/spec/DMN/20151101/dmn.xsd"
      }
    } ],
    "authorityRequirement" : [ {
      "@kind" : "authorityRequirement",
      "requiredDecision" : {
        "elementInfo" : {
          "prefix" : "dmn-ns",
          "namespaceURI" : "http://www.omg.org/spec/DMN/20151101/dmn.xsd"
        },
        "href" : "http://tempuri.org"
      },
      "elementInfo" : {
        "prefix" : "dmn-ns",
        "namespaceURI" : "http://www.omg.org/spec/DMN/20151101/dmn.xsd"
      }
    } ],
    "supportedObjective" : [ {
      "elementInfo" : {
        "prefix" : "dmn-ns",
        "namespaceURI" : "http://www.omg.org/spec/DMN/20151101/dmn.xsd"
      },
      "href" : "http://tempuri.org"
    } ],
    "impactedPerformanceIndicator" : [ {
      "elementInfo" : {
        "prefix" : "dmn-ns",
        "namespaceURI" : "http://www.omg.org/spec/DMN/20151101/dmn.xsd"
      },
      "href" : "http://tempuri.org"
    } ],
    "decisionMaker" : [ {
      "elementInfo" : {
        "prefix" : "dmn-ns",
        "namespaceURI" : "http://www.omg.org/spec/DMN/20151101/dmn.xsd"
      },
      "href" : "http://tempuri.org"
    } ],
    "decisionOwner" : [ {
      "elementInfo" : {
        "prefix" : "dmn-ns",
        "namespaceURI" : "http://www.omg.org/spec/DMN/20151101/dmn.xsd"
      },
      "href" : "http://tempuri.org"
    } ],
    "usingProcess" : [ {
      "elementInfo" : {
        "prefix" : "dmn-ns",
        "namespaceURI" : "http://www.omg.org/spec/DMN/20151101/dmn.xsd"
      },
      "href" : "http://tempuri.org"
    } ],
    "usingTask" : [ {
      "elementInfo" : {
        "prefix" : "dmn-ns",
        "namespaceURI" : "http://www.omg.org/spec/DMN/20151101/dmn.xsd"
      },
      "href" : "http://tempuri.org"
    } ],
    "expression" : {
      "@kind" : "literalExpression",
      "description" : "dmn-ns:description",
      "text" : "dmn-ns:text",
      "extensionElements" : {
        "elementInfo" : {
          "prefix" : "dmn-ns",
          "namespaceURI" : "http://www.omg.org/spec/DMN/20151101/dmn.xsd"
        },
        "any" : [ {
          "@type" : "com.gs.dmn.serialization.xstream.extensions.test.LiteralExpression",
          "myAttr" : "myValueOfMyAtt"
        } ]
      },
      "elementInfo" : {
        "prefix" : "dmn-ns",
        "namespaceURI" : "http://www.omg.org/spec/DMN/20151101/dmn.xsd"
      }
    },
    "extensionElements" : {
      "elementInfo" : {
        "prefix" : "dmn-ns",
        "namespaceURI" : "http://www.omg.org/spec/DMN/20151101/dmn.xsd"
      },
      "any" : [ {
        "@type" : "com.gs.dmn.serialization.xstream.extensions.test.Decision",
        "myAttr" : "myValueOfMyAtt"
      } ]
    },
    "elementInfo" : {
      "prefix" : "dmn-ns",
      "namespaceURI" : "http://www.omg.org/spec/DMN/20151101/dmn.xsd"
    }
  } ],
  "artifact" : [ {
    "@kind" : "textAnnotation",
    "description" : "dmn-ns:description",
    "text" : "dmn-ns:text",
    "extensionElements" : {
      "elementInfo" : {
        "prefix" : "dmn-ns",
        "namespaceURI" : "http://www.omg.org/spec/DMN/20151101/dmn.xsd"
      },
      "any" : [ {
        "@type" : "com.gs.dmn.serialization.xstream.extensions.test.TextAnnotation",
        "myAttr" : "myValueOfMyAtt"
      } ]
    },
    "elementInfo" : {
      "prefix" : "dmn-ns",
      "namespaceURI" : "http://www.omg.org/spec/DMN/20151101/dmn.xsd"
    }
  } ],
  "elementCollection" : [ {
    "@kind" : "elementCollection",
    "name" : "collection",
    "description" : "dmn-ns:description",
    "drgElement" : [ {
      "elementInfo" : {
        "prefix" : "dmn-ns",
        "namespaceURI" : "http://www.omg.org/spec/DMN/20151101/dmn.xsd"
      },
      "href" : "http://tempuri.org"
    } ],
    "extensionElements" : {
      "elementInfo" : {
        "prefix" : "dmn-ns",
        "namespaceURI" : "http://www.omg.org/spec/DMN/20151101/dmn.xsd"
      },
      "any" : [ {
        "@type" : "com.gs.dmn.serialization.xstream.extensions.test.ElementCollection",
        "myAttr" : "myValueOfMyAtt"
      } ]
    },
    "elementInfo" : {
      "prefix" : "dmn-ns",
      "namespaceURI" : "http://www.omg.org/spec/DMN/20151101/dmn.xsd"
    }
  } ],
  "businessContextElement" : [ {
    "@kind" : "performanceIndicator",
    "name" : "performance",
    "description" : "dmn-ns:description",
    "impactingDecision" : [ {
      "elementInfo" : {
        "prefix" : "dmn-ns",
        "namespaceURI" : "http://www.omg.org/spec/DMN/20151101/dmn.xsd"
      },
      "href" : "http://tempuri.org"
    } ],
    "extensionElements" : {
      "elementInfo" : {
        "prefix" : "dmn-ns",
        "namespaceURI" : "http://www.omg.org/spec/DMN/20151101/dmn.xsd"
      },
      "any" : [ {
        "@type" : "com.gs.dmn.serialization.xstream.extensions.test.PerformanceIndicator",
        "myAttr" : "myValueOfMyAtt"
      } ]
    },
    "elementInfo" : {
      "prefix" : "dmn-ns",
      "namespaceURI" : "http://www.omg.org/spec/DMN/20151101/dmn.xsd"
    }
  } ],
  "extensionElements" : {
    "elementInfo" : {
      "prefix" : "dmn-ns",
      "namespaceURI" : "http://www.omg.org/spec/DMN/20151101/dmn.xsd"
    },
    "any" : [ {
      "@type" : "com.gs.dmn.serialization.xstream.extensions.test.Definitions",
      "myAttr" : "myValueOfMyAtt"
    } ]
  },
  "elementInfo" : {
    "prefix" : "dmn-ns",
    "namespaceURI" : "http://www.omg.org/spec/DMN/20151101/dmn.xsd",
    "nsContext" : {
      "dmn-ns" : "https://www.omg.org/spec/DMN/20211108/MODEL/",
      "xsi" : "http://www.w3.org/2001/XMLSchema-instance",
      "ext" : "http://dmnextension.org",
      "" : "http://tempuri.org",
      "dc" : "http://www.omg.org/spec/DMN/20180521/DC/",
      "dmndi" : "https://www.omg.org/spec/DMN/20191111/DMNDI/",
      "di" : "http://www.omg.org/spec/DMN/20180521/DI/"
    }
  }
}