{
  "inputParameterDefinitions": [
    {
      "id": "e3ea989c6b0b4b05950b7d24ade1b624/sid-F687D89A-8FBD-4414-BCF4-BBBF353ABBC2",
      "modelName": "simple-decision-primitive-type-inputs-feel-input-entries-single-output-first-hit-policy",
      "requirementName": "TimeInput"
    },
    {
      "id": "e3ea989c6b0b4b05950b7d24ade1b624/sid-404A0FC2-6787-4210-BB30-2E7964835E99",
      "modelName": "simple-decision-primitive-type-inputs-feel-input-entries-single-output-first-hit-policy",
      "requirementName": "TextInput"
    },
    {
      "id": "e3ea989c6b0b4b05950b7d24ade1b624/sid-3F148E87-DF6E-42AF-B209-4D532421A2F9",
      "modelName": "simple-decision-primitive-type-inputs-feel-input-entries-single-output-first-hit-policy",
      "requirementName": "NumberInput"
    },
    {
      "id": "e3ea989c6b0b4b05950b7d24ade1b624/sid-6E98EF23-49A8-44BE-82BB-06CF5AC860A0",
      "modelName": "simple-decision-primitive-type-inputs-feel-input-entries-single-output-first-hit-policy",
      "requirementName": "DateInput"
    },
    {
      "id": "e3ea989c6b0b4b05950b7d24ade1b624/sid-3247220B-9F67-48DB-8CB5-33C5FCDCEC20",
      "modelName": "simple-decision-primitive-type-inputs-feel-input-entries-single-output-first-hit-policy",
      "requirementName": "EnumerationInput"
    },
    {
      "id": "e3ea989c6b0b4b05950b7d24ade1b624/sid-D16E1277-6037-4066-A21B-42F761A4B427",
      "modelName": "simple-decision-primitive-type-inputs-feel-input-entries-single-output-first-hit-policy",
      "requirementName": "DateAndTimeInput"
    },
    {
      "id": "e3ea989c6b0b4b05950b7d24ade1b624/sid-DD33B3B6-0C84-4568-A0ED-424855D08836",
      "modelName": "simple-decision-primitive-type-inputs-feel-input-entries-single-output-first-hit-policy",
      "requirementName": "BooleanInput"
    }
  ],
  "outputParameterDefinitions": [
    {
      "id": "e3ea989c6b0b4b05950b7d24ade1b624/sid-4A7C793A-882C-4867-94B9-AD88D6D6970D",
      "modelName": "simple-decision-primitive-type-inputs-feel-input-entries-single-output-first-hit-policy",
      "requirementName": "Decision"
    }
  ],
  "testCases": [
    {
      "inputValues": [
        {
          "type": "time",
          "value": null
        },
        {
          "type": "string",
          "value": null
        },
        {
          "type": "number",
          "value": -1
        },
        {
          "type": "date",
          "value": "2016-08-01"
        },
        {
          "type": "enumeration",
          "value": "0",
          "name": "e1"
        },
        {
          "type": "datetime",
          "value": null
        },
        {
          "type": "boolean",
          "value": true
        }
      ],
      "expectedValues": [
        {
          "type": "string",
          "value": "r7"
        }
      ]
    },
    {
      "inputValues": [
        {
          "type": "time",
          "value": null
        },
        {
          "type": "string",
          "value": null
        },
        {
          "type": "number",
          "value": null
        },
        {
          "type": "date",
          "value": null
        },
        {
          "type": "enumeration",
          "value": null,
          "name": null
        },
        {
          "type": "datetime",
          "value": null
        },
        {
          "type": "boolean",
          "value": null
        }
      ],
      "expectedValues": [
        {
          "type": "string",
          "value": "r9"
        }
      ]
    }
  ]
}