{
  "dmnVersion" : "1.1",
  "modelVersion" : "2.0",
  "platformVersion" : "1.0",
  "dmnNamespaces" : [ "http://www.montera.com.au/spec/DMN/0076-feel-external-java" ],
  "nativeNamespace" : "",
  "types" : [ {
    "@kind" : "compositeType",
    "isCollection" : false,
    "name" : "Applicant",
    "namespace" : "http://www.montera.com.au/spec/DMN/0076-feel-external-java",
    "types" : [ {
      "@kind" : "referenceType",
      "isCollection" : false,
      "name" : "age",
      "namespace" : "http://www.montera.com.au/spec/DMN/0076-feel-external-java",
      "typeRef" : {
        "localName" : "number",
        "namespace" : "http://www.omg.org/spec/FEEL/20140401"
      }
    }, {
      "@kind" : "referenceType",
      "isCollection" : false,
      "name" : "name",
      "namespace" : "http://www.montera.com.au/spec/DMN/0076-feel-external-java",
      "typeRef" : {
        "localName" : "string",
        "namespace" : "http://www.omg.org/spec/FEEL/20140401"
      }
    } ]
  } ],
  "elements" : [ {
    "@kind" : "decision",
    "id" : "_applicant_repository",
    "informationReferences" : [ ],
    "javaOutputTypeName" : "type.Applicant",
    "javaParameterName" : "applicant_repository",
    "javaTypeName" : "Applicant_repository",
    "knowledgeReferences" : [ ],
    "name" : "applicant_repository",
    "namespace" : "http://www.montera.com.au/spec/DMN/0076-feel-external-java",
    "protoRequestName" : "proto.ApplicantRepositoryRequest",
    "protoResponseName" : "proto.ApplicantRepositoryResponse",
    "transitiveRequiredInput" : [ ]
  }, {
    "@kind" : "decision",
    "id" : "_boxed_001",
    "informationReferences" : [ ],
    "javaOutputTypeName" : "Object",
    "javaParameterName" : "boxed_001",
    "javaTypeName" : "Boxed_001",
    "knowledgeReferences" : [ ],
    "name" : "boxed_001",
    "namespace" : "http://www.montera.com.au/spec/DMN/0076-feel-external-java",
    "protoRequestName" : "proto.Boxed001Request",
    "protoResponseName" : "proto.Boxed001Response",
    "transitiveRequiredInput" : [ ]
  }, {
    "@kind" : "decision",
    "id" : "_incorrect_001",
    "informationReferences" : [ ],
    "javaOutputTypeName" : "java.lang.Number",
    "javaParameterName" : "incorrect_001",
    "javaTypeName" : "Incorrect_001",
    "knowledgeReferences" : [ ],
    "name" : "incorrect_001",
    "namespace" : "http://www.montera.com.au/spec/DMN/0076-feel-external-java",
    "protoRequestName" : "proto.Incorrect001Request",
    "protoResponseName" : "proto.Incorrect001Response",
    "transitiveRequiredInput" : [ ]
  }, {
    "@kind" : "decision",
    "id" : "_incorrect_002",
    "informationReferences" : [ ],
    "javaOutputTypeName" : "java.lang.Number",
    "javaParameterName" : "incorrect_002",
    "javaTypeName" : "Incorrect_002",
    "knowledgeReferences" : [ ],
    "name" : "incorrect_002",
    "namespace" : "http://www.montera.com.au/spec/DMN/0076-feel-external-java",
    "protoRequestName" : "proto.Incorrect002Request",
    "protoResponseName" : "proto.Incorrect002Response",
    "transitiveRequiredInput" : [ ]
  }, {
    "@kind" : "decision",
    "id" : "_incorrect_003",
    "informationReferences" : [ ],
    "javaOutputTypeName" : "java.lang.Number",
    "javaParameterName" : "incorrect_003",
    "javaTypeName" : "Incorrect_003",
    "knowledgeReferences" : [ ],
    "name" : "incorrect_003",
    "namespace" : "http://www.montera.com.au/spec/DMN/0076-feel-external-java",
    "protoRequestName" : "proto.Incorrect003Request",
    "protoResponseName" : "proto.Incorrect003Response",
    "transitiveRequiredInput" : [ ]
  }, {
    "@kind" : "decision",
    "id" : "_literal_001",
    "informationReferences" : [ ],
    "javaOutputTypeName" : "java.lang.Number",
    "javaParameterName" : "literal_001",
    "javaTypeName" : "Literal_001",
    "knowledgeReferences" : [ ],
    "name" : "literal_001",
    "namespace" : "http://www.montera.com.au/spec/DMN/0076-feel-external-java",
    "protoRequestName" : "proto.Literal001Request",
    "protoResponseName" : "proto.Literal001Response",
    "transitiveRequiredInput" : [ ]
  }, {
    "@kind" : "decision",
    "id" : "_literal_002",
    "informationReferences" : [ ],
    "javaOutputTypeName" : "java.lang.Number",
    "javaParameterName" : "literal_002",
    "javaTypeName" : "Literal_002",
    "knowledgeReferences" : [ ],
    "name" : "literal_002",
    "namespace" : "http://www.montera.com.au/spec/DMN/0076-feel-external-java",
    "protoRequestName" : "proto.Literal002Request",
    "protoResponseName" : "proto.Literal002Response",
    "transitiveRequiredInput" : [ ]
  }, {
    "@kind" : "decision",
    "id" : "_literal_003",
    "informationReferences" : [ ],
    "javaOutputTypeName" : "java.lang.Number",
    "javaParameterName" : "literal_003",
    "javaTypeName" : "Literal_003",
    "knowledgeReferences" : [ ],
    "name" : "literal_003",
    "namespace" : "http://www.montera.com.au/spec/DMN/0076-feel-external-java",
    "protoRequestName" : "proto.Literal003Request",
    "protoResponseName" : "proto.Literal003Response",
    "transitiveRequiredInput" : [ ]
  }, {
    "@kind" : "decision",
    "id" : "_literal_004",
    "informationReferences" : [ ],
    "javaOutputTypeName" : "java.lang.Number",
    "javaParameterName" : "literal_004",
    "javaTypeName" : "Literal_004",
    "knowledgeReferences" : [ ],
    "name" : "literal_004",
    "namespace" : "http://www.montera.com.au/spec/DMN/0076-feel-external-java",
    "protoRequestName" : "proto.Literal004Request",
    "protoResponseName" : "proto.Literal004Response",
    "transitiveRequiredInput" : [ ]
  }, {
    "@kind" : "decision",
    "id" : "_literal_005",
    "informationReferences" : [ ],
    "javaOutputTypeName" : "java.lang.Number",
    "javaParameterName" : "literal_005",
    "javaTypeName" : "Literal_005",
    "knowledgeReferences" : [ ],
    "name" : "literal_005",
    "namespace" : "http://www.montera.com.au/spec/DMN/0076-feel-external-java",
    "protoRequestName" : "proto.Literal005Request",
    "protoResponseName" : "proto.Literal005Response",
    "transitiveRequiredInput" : [ ]
  }, {
    "@kind" : "decision",
    "id" : "_literal_006",
    "informationReferences" : [ ],
    "javaOutputTypeName" : "java.lang.Number",
    "javaParameterName" : "literal_006",
    "javaTypeName" : "Literal_006",
    "knowledgeReferences" : [ ],
    "name" : "literal_006",
    "namespace" : "http://www.montera.com.au/spec/DMN/0076-feel-external-java",
    "protoRequestName" : "proto.Literal006Request",
    "protoResponseName" : "proto.Literal006Response",
    "transitiveRequiredInput" : [ ]
  }, {
    "@kind" : "decision",
    "id" : "_literal_007",
    "informationReferences" : [ ],
    "javaOutputTypeName" : "Object",
    "javaParameterName" : "literal_007",
    "javaTypeName" : "Literal_007",
    "knowledgeReferences" : [ ],
    "name" : "literal_007",
    "namespace" : "http://www.montera.com.au/spec/DMN/0076-feel-external-java",
    "protoRequestName" : "proto.Literal007Request",
    "protoResponseName" : "proto.Literal007Response",
    "transitiveRequiredInput" : [ ]
  }, {
    "@kind" : "decision",
    "id" : "_literal_007_a",
    "informationReferences" : [ ],
    "javaOutputTypeName" : "Object",
    "javaParameterName" : "literal_007_a",
    "javaTypeName" : "Literal_007_a",
    "knowledgeReferences" : [ ],
    "name" : "literal_007_a",
    "namespace" : "http://www.montera.com.au/spec/DMN/0076-feel-external-java",
    "protoRequestName" : "proto.Literal007ARequest",
    "protoResponseName" : "proto.Literal007AResponse",
    "transitiveRequiredInput" : [ ]
  }, {
    "@kind" : "decision",
    "id" : "_literal_008",
    "informationReferences" : [ ],
    "javaOutputTypeName" : "java.lang.Number",
    "javaParameterName" : "literal_008",
    "javaTypeName" : "Literal_008",
    "knowledgeReferences" : [ ],
    "name" : "literal_008",
    "namespace" : "http://www.montera.com.au/spec/DMN/0076-feel-external-java",
    "protoRequestName" : "proto.Literal008Request",
    "protoResponseName" : "proto.Literal008Response",
    "transitiveRequiredInput" : [ ]
  }, {
    "@kind" : "decision",
    "id" : "_literal_009",
    "informationReferences" : [ ],
    "javaOutputTypeName" : "Object",
    "javaParameterName" : "literal_009",
    "javaTypeName" : "Literal_009",
    "knowledgeReferences" : [ ],
    "name" : "literal_009",
    "namespace" : "http://www.montera.com.au/spec/DMN/0076-feel-external-java",
    "protoRequestName" : "proto.Literal009Request",
    "protoResponseName" : "proto.Literal009Response",
    "transitiveRequiredInput" : [ ]
  }, {
    "@kind" : "decision",
    "id" : "_literal_010",
    "informationReferences" : [ ],
    "javaOutputTypeName" : "Object",
    "javaParameterName" : "literal_010",
    "javaTypeName" : "Literal_010",
    "knowledgeReferences" : [ ],
    "name" : "literal_010",
    "namespace" : "http://www.montera.com.au/spec/DMN/0076-feel-external-java",
    "protoRequestName" : "proto.Literal010Request",
    "protoResponseName" : "proto.Literal010Response",
    "transitiveRequiredInput" : [ ]
  }, {
    "@kind" : "decision",
    "id" : "_literal_011",
    "informationReferences" : [ ],
    "javaOutputTypeName" : "Object",
    "javaParameterName" : "literal_011",
    "javaTypeName" : "Literal_011",
    "knowledgeReferences" : [ ],
    "name" : "literal_011",
    "namespace" : "http://www.montera.com.au/spec/DMN/0076-feel-external-java",
    "protoRequestName" : "proto.Literal011Request",
    "protoResponseName" : "proto.Literal011Response",
    "transitiveRequiredInput" : [ ]
  }, {
    "@kind" : "decision",
    "id" : "_literal_012",
    "informationReferences" : [ ],
    "javaOutputTypeName" : "Object",
    "javaParameterName" : "literal_012",
    "javaTypeName" : "Literal_012",
    "knowledgeReferences" : [ ],
    "name" : "literal_012",
    "namespace" : "http://www.montera.com.au/spec/DMN/0076-feel-external-java",
    "protoRequestName" : "proto.Literal012Request",
    "protoResponseName" : "proto.Literal012Response",
    "transitiveRequiredInput" : [ ]
  }, {
    "@kind" : "decision",
    "id" : "_varargs_001",
    "informationReferences" : [ ],
    "javaOutputTypeName" : "Object",
    "javaParameterName" : "varargs_001",
    "javaTypeName" : "Varargs_001",
    "knowledgeReferences" : [ ],
    "name" : "varargs_001",
    "namespace" : "http://www.montera.com.au/spec/DMN/0076-feel-external-java",
    "protoRequestName" : "proto.Varargs001Request",
    "protoResponseName" : "proto.Varargs001Response",
    "transitiveRequiredInput" : [ ]
  } ]
}