{
  "dmnVersion" : "1.1",
  "modelVersion" : "2.0",
  "platformVersion" : "1.0",
  "dmnNamespaces" : [ "http://www.provider.com/definitions/model-a", "http://www.provider.com/definitions/model-b", "http://www.provider.com/definitions/model-c" ],
  "nativeNamespace" : "",
  "types" : [ {
    "@kind" : "referenceType",
    "id" : "http://www.provider.com/definitions/model-a#A",
    "isCollection" : false,
    "name" : "A",
    "namespace" : "http://www.provider.com/definitions/model-a",
    "typeRef" : {
      "localName" : "number",
      "namespace" : "http://www.provider.com/definitions/model-a"
    }
  }, {
    "@kind" : "referenceType",
    "id" : "http://www.provider.com/definitions/model-a#my-string",
    "isCollection" : false,
    "name" : "MyString",
    "namespace" : "http://www.provider.com/definitions/model-a",
    "typeRef" : {
      "localName" : "string",
      "namespace" : "http://www.provider.com/definitions/model-a"
    }
  }, {
    "@kind" : "referenceType",
    "id" : "http://www.provider.com/definitions/model-b#A",
    "isCollection" : false,
    "name" : "A",
    "namespace" : "http://www.provider.com/definitions/model-b",
    "typeRef" : {
      "localName" : "string",
      "namespace" : "http://www.provider.com/definitions/model-b"
    }
  } ],
  "elements" : [ {
    "@kind" : "bkm",
    "id" : "http://www.provider.com/definitions/model-a#bkm-id",
    "javaOutputTypeName" : "String",
    "javaParameterName" : "bkm",
    "javaTypeName" : "model_a.Bkm",
    "knowledgeReferences" : [ ],
    "name" : "bkm",
    "namespace" : "http://www.provider.com/definitions/model-a"
  }, {
    "@kind" : "bkm",
    "id" : "http://www.provider.com/definitions/model-b#bkm-id",
    "javaOutputTypeName" : "String",
    "javaParameterName" : "bkm",
    "javaTypeName" : "model_b.Bkm",
    "knowledgeReferences" : [ ],
    "name" : "bkm",
    "namespace" : "http://www.provider.com/definitions/model-b"
  }, {
    "@kind" : "inputData",
    "id" : "http://www.provider.com/definitions/model-c#input-a-a",
    "javaParameterName" : "aa",
    "javaTypeName" : "java.lang.Number",
    "label" : "AA",
    "name" : "aa",
    "namespace" : "http://www.provider.com/definitions/model-c",
    "typeRef" : {
      "localName" : "A",
      "namespace" : "http://www.provider.com/definitions/model-a"
    }
  }, {
    "@kind" : "inputData",
    "id" : "http://www.provider.com/definitions/model-c#input-b-a",
    "javaParameterName" : "ba",
    "javaTypeName" : "String",
    "label" : "BA",
    "name" : "ba",
    "namespace" : "http://www.provider.com/definitions/model-c",
    "typeRef" : {
      "localName" : "A",
      "namespace" : "http://www.provider.com/definitions/model-b"
    }
  }, {
    "@kind" : "decision",
    "id" : "http://www.provider.com/definitions/model-c#decision-c",
    "informationReferences" : [ {
      "reference" : "http://www.provider.com/definitions/model-c#input-a-a"
    }, {
      "reference" : "http://www.provider.com/definitions/model-c#input-b-a"
    } ],
    "javaOutputTypeName" : "String",
    "javaParameterName" : "c",
    "javaTypeName" : "model_c.C",
    "knowledgeReferences" : [ {
      "reference" : "http://www.provider.com/definitions/model-a#bkm-id"
    }, {
      "reference" : "http://www.provider.com/definitions/model-a#bkm-id"
    }, {
      "reference" : "http://www.provider.com/definitions/model-b#bkm-id"
    }, {
      "reference" : "http://www.provider.com/definitions/model-b#bkm-id"
    } ],
    "label" : "C",
    "name" : "c",
    "namespace" : "http://www.provider.com/definitions/model-c",
    "protoRequestName" : "model_c.proto.CRequest",
    "protoResponseName" : "model_c.proto.CResponse",
    "transitiveRequiredInput" : [ {
      "@kind" : "inputData",
      "id" : "http://www.provider.com/definitions/model-c#input-a-a",
      "javaParameterName" : "aa",
      "javaTypeName" : "java.lang.Number",
      "label" : "AA",
      "name" : "aa",
      "namespace" : "http://www.provider.com/definitions/model-c",
      "typeRef" : {
        "localName" : "A",
        "namespace" : "http://www.provider.com/definitions/model-a"
      }
    }, {
      "@kind" : "inputData",
      "id" : "http://www.provider.com/definitions/model-c#input-b-a",
      "javaParameterName" : "ba",
      "javaTypeName" : "String",
      "label" : "BA",
      "name" : "ba",
      "namespace" : "http://www.provider.com/definitions/model-c",
      "typeRef" : {
        "localName" : "A",
        "namespace" : "http://www.provider.com/definitions/model-b"
      }
    } ],
    "typeRef" : {
      "localName" : "MyString",
      "namespace" : "http://www.provider.com/definitions/model-a"
    }
  } ]
}