{
  "dmnVersion" : "1.1",
  "modelVersion" : "2.0",
  "platformVersion" : "1.0",
  "dmnNamespace" : "http://www.provider.com/dmn/1.1/diagram/80afa9e878bb4885a8f5be36b6f16abc.xml",
  "nativeNamespace" : "",
  "types" : [ {
    "@kind" : "referenceType",
    "allowedValues" : null,
    "id" : "id-b06eb129b14470365f5372c2e46a27f3",
    "isCollection" : false,
    "label" : "abc",
    "name" : "abc",
    "typeRef" : {
      "localName" : "number",
      "namespace" : "http://www.omg.org/spec/FEEL/20140401"
    }
  }, {
    "@kind" : "referenceType",
    "allowedValues" : null,
    "id" : "id-e49de84a20b6287cfdee3034b2107068",
    "isCollection" : false,
    "label" : "num",
    "name" : "num",
    "typeRef" : {
      "localName" : "number",
      "namespace" : "http://www.omg.org/spec/FEEL/20140401"
    }
  }, {
    "@kind" : "referenceType",
    "allowedValues" : null,
    "id" : "id-87d760e7d14455750f2b0af746d82902",
    "isCollection" : false,
    "label" : "SomethingElse",
    "name" : "somethingElse",
    "typeRef" : {
      "localName" : "number",
      "namespace" : "http://www.omg.org/spec/FEEL/20140401"
    }
  } ],
  "elements" : [ {
    "@kind" : "inputData",
    "diagramId" : "c3d5f975281b4d2f829ee2c77b320f01",
    "id" : "id-633e1930a1ad44cae56744496cd663d3",
    "javaParameterName" : "num",
    "javaTypeName" : "java.math.BigDecimal",
    "label" : "num",
    "name" : "num",
    "shapeId" : "sid-5839E07F-9439-46C5-B92F-7588F17E0A7C",
    "typeRef" : {
      "localName" : "num",
      "namespace" : "http://www.provider.com/dmn/1.1/diagram/80afa9e878bb4885a8f5be36b6f16abc.xml"
    }
  }, {
    "@kind" : "decision",
    "diagramId" : "c3d5f975281b4d2f829ee2c77b320f01",
    "extensions" : [ ],
    "id" : "id-cd02eb803eaf0f5bf6ae1823636939db",
    "informationReferences" : [ {
      "reference" : "id-633e1930a1ad44cae56744496cd663d3"
    } ],
    "javaOutputTypeName" : "java.math.BigDecimal",
    "javaParameterName" : "abc",
    "javaTypeName" : "Abc",
    "knowledgeReferences" : [ ],
    "label" : "abc",
    "name" : "abc",
    "protoRequestName" : "proto.AbcRequest",
    "protoResponseName" : "proto.AbcResponse",
    "shapeId" : "sid-A551A6AD-049D-440F-9277-A5292F4BB5ED",
    "transitiveRequiredInput" : [ {
      "@kind" : "inputData",
      "diagramId" : "c3d5f975281b4d2f829ee2c77b320f01",
      "id" : "id-633e1930a1ad44cae56744496cd663d3",
      "javaParameterName" : "num",
      "javaTypeName" : "java.math.BigDecimal",
      "label" : "num",
      "name" : "num",
      "shapeId" : "sid-5839E07F-9439-46C5-B92F-7588F17E0A7C",
      "typeRef" : {
        "localName" : "num",
        "namespace" : "http://www.provider.com/dmn/1.1/diagram/80afa9e878bb4885a8f5be36b6f16abc.xml"
      }
    } ],
    "typeRef" : {
      "localName" : "abc",
      "namespace" : "http://www.provider.com/dmn/1.1/diagram/80afa9e878bb4885a8f5be36b6f16abc.xml"
    }
  }, {
    "@kind" : "decision",
    "diagramId" : "80afa9e878bb4885a8f5be36b6f16abc",
    "extensions" : [ ],
    "id" : "id-7c5358c692497488ed1b1023189410fb",
    "informationReferences" : [ {
      "reference" : "id-cd02eb803eaf0f5bf6ae1823636939db"
    } ],
    "javaOutputTypeName" : "java.math.BigDecimal",
    "javaParameterName" : "childObject",
    "javaTypeName" : "ChildObject",
    "knowledgeReferences" : [ ],
    "label" : "ChildObject",
    "name" : "childObject",
    "protoRequestName" : "proto.ChildObjectRequest",
    "protoResponseName" : "proto.ChildObjectResponse",
    "shapeId" : "sid-3551B993-B042-466B-B0CD-B5EE8B6C192B",
    "transitiveRequiredInput" : [ {
      "@kind" : "inputData",
      "diagramId" : "c3d5f975281b4d2f829ee2c77b320f01",
      "id" : "id-633e1930a1ad44cae56744496cd663d3",
      "javaParameterName" : "num",
      "javaTypeName" : "java.math.BigDecimal",
      "label" : "num",
      "name" : "num",
      "shapeId" : "sid-5839E07F-9439-46C5-B92F-7588F17E0A7C",
      "typeRef" : {
        "localName" : "num",
        "namespace" : "http://www.provider.com/dmn/1.1/diagram/80afa9e878bb4885a8f5be36b6f16abc.xml"
      }
    } ],
    "typeRef" : {
      "localName" : "abc",
      "namespace" : "http://www.provider.com/dmn/1.1/diagram/80afa9e878bb4885a8f5be36b6f16abc.xml"
    }
  }, {
    "@kind" : "decision",
    "diagramId" : "80afa9e878bb4885a8f5be36b6f16abc",
    "extensions" : [ ],
    "id" : "id-6c8cb98cfc4743b1066d1f6ed28f3f10",
    "informationReferences" : [ {
      "reference" : "id-7c5358c692497488ed1b1023189410fb"
    } ],
    "javaOutputTypeName" : "java.math.BigDecimal",
    "javaParameterName" : "somethingElse",
    "javaTypeName" : "SomethingElse",
    "knowledgeReferences" : [ ],
    "label" : "SomethingElse",
    "name" : "somethingElse",
    "protoRequestName" : "proto.SomethingElseRequest",
    "protoResponseName" : "proto.SomethingElseResponse",
    "shapeId" : "sid-89A9C1A5-1701-4289-9DFE-9FF6223528C7",
    "transitiveRequiredInput" : [ {
      "@kind" : "inputData",
      "diagramId" : "c3d5f975281b4d2f829ee2c77b320f01",
      "id" : "id-633e1930a1ad44cae56744496cd663d3",
      "javaParameterName" : "num",
      "javaTypeName" : "java.math.BigDecimal",
      "label" : "num",
      "name" : "num",
      "shapeId" : "sid-5839E07F-9439-46C5-B92F-7588F17E0A7C",
      "typeRef" : {
        "localName" : "num",
        "namespace" : "http://www.provider.com/dmn/1.1/diagram/80afa9e878bb4885a8f5be36b6f16abc.xml"
      }
    } ],
    "typeRef" : {
      "localName" : "somethingElse",
      "namespace" : "http://www.provider.com/dmn/1.1/diagram/80afa9e878bb4885a8f5be36b6f16abc.xml"
    }
  } ]
}