{
  "dmnVersion" : "1.1",
  "modelVersion" : "2.0",
  "platformVersion" : "1.0",
  "dmnNamespace" : "http://www.provider.com/dmn/1.1/diagram/2521256910f54d44b0a90fa88a1aa917.xml",
  "nativeNamespace" : "",
  "types" : [ {
    "@kind" : "referenceType",
    "allowedValues" : null,
    "id" : "id-d8d2409326ca95ebc06b54a4f32d82b9",
    "isCollection" : false,
    "label" : "A",
    "name" : "a",
    "typeRef" : {
      "localName" : "number",
      "namespace" : "http://www.omg.org/spec/FEEL/20140401"
    }
  }, {
    "@kind" : "referenceType",
    "allowedValues" : null,
    "id" : "id-7529a16fb8fb3ac44ab132893d08aabc",
    "isCollection" : false,
    "label" : "A",
    "name" : "a2",
    "typeRef" : {
      "localName" : "number",
      "namespace" : "http://www.omg.org/spec/FEEL/20140401"
    }
  }, {
    "@kind" : "referenceType",
    "allowedValues" : null,
    "id" : "id-5c3a857c933c219de1462d611ecf644b",
    "isCollection" : false,
    "label" : "B",
    "name" : "b",
    "typeRef" : {
      "localName" : "number",
      "namespace" : "http://www.omg.org/spec/FEEL/20140401"
    }
  }, {
    "@kind" : "referenceType",
    "allowedValues" : null,
    "id" : "id-bbd21642e140be5214da01c35869ad84",
    "isCollection" : false,
    "label" : "B",
    "name" : "b2",
    "typeRef" : {
      "localName" : "number",
      "namespace" : "http://www.omg.org/spec/FEEL/20140401"
    }
  }, {
    "@kind" : "referenceType",
    "allowedValues" : null,
    "id" : "id-b8bf75fc98d4d6a0e0e8cb2ce9fcfee8",
    "isCollection" : false,
    "label" : "SUM",
    "name" : "sUM",
    "typeRef" : {
      "localName" : "number",
      "namespace" : "http://www.omg.org/spec/FEEL/20140401"
    }
  } ],
  "elements" : [ {
    "@kind" : "inputData",
    "diagramId" : "0cad6eb96bfc4b638250c73ff90f439b",
    "id" : "id-6941daac7dedcf760459bef259f2b83c",
    "javaParameterName" : "a",
    "javaTypeName" : "java.math.BigDecimal",
    "label" : "A",
    "name" : "a",
    "shapeId" : "sid-F2486B26-F187-43CA-8687-DF0893AD1D27",
    "typeRef" : {
      "localName" : "a",
      "namespace" : "http://www.provider.com/dmn/1.1/diagram/2521256910f54d44b0a90fa88a1aa917.xml"
    }
  }, {
    "@kind" : "inputData",
    "diagramId" : "2521256910f54d44b0a90fa88a1aa917",
    "id" : "id-f1336e666ce4588d576ac630e3a0935c",
    "javaParameterName" : "a2",
    "javaTypeName" : "java.math.BigDecimal",
    "label" : "A",
    "name" : "a2",
    "shapeId" : "sid-51423E05-DA13-44BF-9227-7AA7B88C67AC",
    "typeRef" : {
      "localName" : "a2",
      "namespace" : "http://www.provider.com/dmn/1.1/diagram/2521256910f54d44b0a90fa88a1aa917.xml"
    }
  }, {
    "@kind" : "inputData",
    "diagramId" : "0cad6eb96bfc4b638250c73ff90f439b",
    "id" : "id-3448371157c12df721ef54d01a2a01e0",
    "javaParameterName" : "b",
    "javaTypeName" : "java.math.BigDecimal",
    "label" : "B",
    "name" : "b",
    "shapeId" : "sid-F50F4E8B-4C8A-4CA6-81FD-A5B3AEE8DD05",
    "typeRef" : {
      "localName" : "b",
      "namespace" : "http://www.provider.com/dmn/1.1/diagram/2521256910f54d44b0a90fa88a1aa917.xml"
    }
  }, {
    "@kind" : "inputData",
    "diagramId" : "2521256910f54d44b0a90fa88a1aa917",
    "id" : "id-dd388ae24612b67597f5220a2c6a1985",
    "javaParameterName" : "b3",
    "javaTypeName" : "java.math.BigDecimal",
    "label" : "B",
    "name" : "b3",
    "shapeId" : "sid-8D4FB4D7-6503-4FC2-B91A-A12B8C72FA3B",
    "typeRef" : {
      "localName" : "b2",
      "namespace" : "http://www.provider.com/dmn/1.1/diagram/2521256910f54d44b0a90fa88a1aa917.xml"
    }
  }, {
    "@kind" : "bkm",
    "diagramId" : null,
    "id" : "id-74659018eb94601d9ccd8bcb2443688e",
    "javaOutputTypeName" : "java.math.BigDecimal",
    "javaParameterName" : "bKM",
    "javaTypeName" : "BKM",
    "knowledgeReferences" : [ ],
    "label" : null,
    "name" : "bKM",
    "shapeId" : null,
    "typeRef" : {
      "localName" : "sUM",
      "namespace" : "http://www.provider.com/dmn/1.1/diagram/2521256910f54d44b0a90fa88a1aa917.xml"
    }
  }, {
    "@kind" : "decision",
    "diagramId" : "0cad6eb96bfc4b638250c73ff90f439b",
    "extensions" : [ ],
    "id" : "id-806148ab1843f34bf4e461a8ed442b97",
    "informationReferences" : [ {
      "reference" : "id-6941daac7dedcf760459bef259f2b83c"
    }, {
      "reference" : "id-3448371157c12df721ef54d01a2a01e0"
    } ],
    "javaOutputTypeName" : "java.math.BigDecimal",
    "javaParameterName" : "sUM",
    "javaTypeName" : "SUM",
    "knowledgeReferences" : [ ],
    "label" : "SUM",
    "name" : "sUM",
    "protoRequestName" : "proto.SUMRequest",
    "protoResponseName" : "proto.SUMResponse",
    "shapeId" : "sid-5B841B13-C828-4A7C-8E59-AABED865A8FA",
    "transitiveRequiredInput" : [ {
      "@kind" : "inputData",
      "diagramId" : "0cad6eb96bfc4b638250c73ff90f439b",
      "id" : "id-6941daac7dedcf760459bef259f2b83c",
      "javaParameterName" : "a",
      "javaTypeName" : "java.math.BigDecimal",
      "label" : "A",
      "name" : "a",
      "shapeId" : "sid-F2486B26-F187-43CA-8687-DF0893AD1D27",
      "typeRef" : {
        "localName" : "a",
        "namespace" : "http://www.provider.com/dmn/1.1/diagram/2521256910f54d44b0a90fa88a1aa917.xml"
      }
    }, {
      "@kind" : "inputData",
      "diagramId" : "0cad6eb96bfc4b638250c73ff90f439b",
      "id" : "id-3448371157c12df721ef54d01a2a01e0",
      "javaParameterName" : "b",
      "javaTypeName" : "java.math.BigDecimal",
      "label" : "B",
      "name" : "b",
      "shapeId" : "sid-F50F4E8B-4C8A-4CA6-81FD-A5B3AEE8DD05",
      "typeRef" : {
        "localName" : "b",
        "namespace" : "http://www.provider.com/dmn/1.1/diagram/2521256910f54d44b0a90fa88a1aa917.xml"
      }
    } ],
    "typeRef" : {
      "localName" : "sUM",
      "namespace" : "http://www.provider.com/dmn/1.1/diagram/2521256910f54d44b0a90fa88a1aa917.xml"
    }
  }, {
    "@kind" : "decision",
    "diagramId" : "2521256910f54d44b0a90fa88a1aa917",
    "extensions" : [ ],
    "id" : "id-c9af84da6920472f7e8311c719099aac",
    "informationReferences" : [ {
      "reference" : "id-f1336e666ce4588d576ac630e3a0935c"
    }, {
      "reference" : "id-dd388ae24612b67597f5220a2c6a1985"
    } ],
    "javaOutputTypeName" : "java.math.BigDecimal",
    "javaParameterName" : "sign",
    "javaTypeName" : "Sign",
    "knowledgeReferences" : [ {
      "reference" : "id-74659018eb94601d9ccd8bcb2443688e"
    }, {
      "reference" : "id-74659018eb94601d9ccd8bcb2443688e"
    } ],
    "label" : "Sign",
    "name" : "sign",
    "protoRequestName" : "proto.SignRequest",
    "protoResponseName" : "proto.SignResponse",
    "shapeId" : "sid-D8E2188A-C75B-406C-85C9-3C1B2E1B149D",
    "transitiveRequiredInput" : [ {
      "@kind" : "inputData",
      "diagramId" : "2521256910f54d44b0a90fa88a1aa917",
      "id" : "id-f1336e666ce4588d576ac630e3a0935c",
      "javaParameterName" : "a2",
      "javaTypeName" : "java.math.BigDecimal",
      "label" : "A",
      "name" : "a2",
      "shapeId" : "sid-51423E05-DA13-44BF-9227-7AA7B88C67AC",
      "typeRef" : {
        "localName" : "a2",
        "namespace" : "http://www.provider.com/dmn/1.1/diagram/2521256910f54d44b0a90fa88a1aa917.xml"
      }
    }, {
      "@kind" : "inputData",
      "diagramId" : "2521256910f54d44b0a90fa88a1aa917",
      "id" : "id-dd388ae24612b67597f5220a2c6a1985",
      "javaParameterName" : "b3",
      "javaTypeName" : "java.math.BigDecimal",
      "label" : "B",
      "name" : "b3",
      "shapeId" : "sid-8D4FB4D7-6503-4FC2-B91A-A12B8C72FA3B",
      "typeRef" : {
        "localName" : "b2",
        "namespace" : "http://www.provider.com/dmn/1.1/diagram/2521256910f54d44b0a90fa88a1aa917.xml"
      }
    } ],
    "typeRef" : {
      "localName" : "sUM",
      "namespace" : "http://www.provider.com/dmn/1.1/diagram/2521256910f54d44b0a90fa88a1aa917.xml"
    }
  } ]
}