{
  "dmnVersion" : "1.1",
  "modelVersion" : "2.0",
  "platformVersion" : "1.0",
  "dmnNamespaces" : [ "http://www.montera.com.au/spec/DMN/0085-decision-services" ],
  "nativeNamespace" : "",
  "types" : [ ],
  "elements" : [ {
    "@kind" : "inputData",
    "id" : "_inputData_003",
    "javaParameterName" : "inputData_003",
    "javaTypeName" : "String",
    "name" : "inputData_003",
    "namespace" : "http://www.montera.com.au/spec/DMN/0085-decision-services",
    "typeRef" : {
      "localName" : "string",
      "namespace" : "http://www.omg.org/spec/FEEL/20140401"
    }
  }, {
    "@kind" : "inputData",
    "id" : "_inputData_011_1",
    "javaParameterName" : "inputData_011_1",
    "javaTypeName" : "String",
    "name" : "inputData_011_1",
    "namespace" : "http://www.montera.com.au/spec/DMN/0085-decision-services",
    "typeRef" : {
      "localName" : "string",
      "namespace" : "http://www.omg.org/spec/FEEL/20140401"
    }
  }, {
    "@kind" : "inputData",
    "id" : "_inputData_011_2",
    "javaParameterName" : "inputData_011_2",
    "javaTypeName" : "String",
    "name" : "inputData_011_2",
    "namespace" : "http://www.montera.com.au/spec/DMN/0085-decision-services",
    "typeRef" : {
      "localName" : "string",
      "namespace" : "http://www.omg.org/spec/FEEL/20140401"
    }
  }, {
    "@kind" : "inputData",
    "id" : "_inputData_012_1",
    "javaParameterName" : "inputData_012_1",
    "javaTypeName" : "String",
    "name" : "inputData_012_1",
    "namespace" : "http://www.montera.com.au/spec/DMN/0085-decision-services",
    "typeRef" : {
      "localName" : "string",
      "namespace" : "http://www.omg.org/spec/FEEL/20140401"
    }
  }, {
    "@kind" : "inputData",
    "id" : "_inputData_012_2",
    "javaParameterName" : "inputData_012_2",
    "javaTypeName" : "String",
    "name" : "inputData_012_2",
    "namespace" : "http://www.montera.com.au/spec/DMN/0085-decision-services",
    "typeRef" : {
      "localName" : "string",
      "namespace" : "http://www.omg.org/spec/FEEL/20140401"
    }
  }, {
    "@kind" : "inputData",
    "id" : "_inputData_013_1",
    "javaParameterName" : "inputData_013_1",
    "javaTypeName" : "String",
    "name" : "inputData_013_1",
    "namespace" : "http://www.montera.com.au/spec/DMN/0085-decision-services",
    "typeRef" : {
      "localName" : "string",
      "namespace" : "http://www.omg.org/spec/FEEL/20140401"
    }
  }, {
    "@kind" : "inputData",
    "id" : "_inputData_014_1",
    "javaParameterName" : "inputData_014_1",
    "javaTypeName" : "String",
    "name" : "inputData_014_1",
    "namespace" : "http://www.montera.com.au/spec/DMN/0085-decision-services",
    "typeRef" : {
      "localName" : "string",
      "namespace" : "http://www.omg.org/spec/FEEL/20140401"
    }
  }, {
    "@kind" : "decision",
    "id" : "_decision_001",
    "informationReferences" : [ ],
    "javaOutputTypeName" : "String",
    "javaParameterName" : "decision_001",
    "javaTypeName" : "Decision_001",
    "knowledgeReferences" : [ ],
    "name" : "decision_001",
    "namespace" : "http://www.montera.com.au/spec/DMN/0085-decision-services",
    "protoRequestName" : "proto.Decision001Request",
    "protoResponseName" : "proto.Decision001Response",
    "transitiveRequiredInput" : [ ]
  }, {
    "@kind" : "decision",
    "id" : "_decision_002",
    "informationReferences" : [ {
      "reference" : "_decision_002_input"
    } ],
    "javaOutputTypeName" : "String",
    "javaParameterName" : "decision_002",
    "javaTypeName" : "Decision_002",
    "knowledgeReferences" : [ ],
    "name" : "decision_002",
    "namespace" : "http://www.montera.com.au/spec/DMN/0085-decision-services",
    "protoRequestName" : "proto.Decision002Request",
    "protoResponseName" : "proto.Decision002Response",
    "transitiveRequiredInput" : [ ]
  }, {
    "@kind" : "decision",
    "id" : "_decision_002_input",
    "informationReferences" : [ ],
    "javaOutputTypeName" : "String",
    "javaParameterName" : "decision_002_input",
    "javaTypeName" : "Decision_002_input",
    "knowledgeReferences" : [ ],
    "name" : "decision_002_input",
    "namespace" : "http://www.montera.com.au/spec/DMN/0085-decision-services",
    "protoRequestName" : "proto.Decision002InputRequest",
    "protoResponseName" : "proto.Decision002InputResponse",
    "transitiveRequiredInput" : [ ]
  }, {
    "@kind" : "decision",
    "id" : "_decision_003",
    "informationReferences" : [ {
      "reference" : "_decision_003_input_1"
    }, {
      "reference" : "_decision_003_input_2"
    }, {
      "reference" : "_inputData_003"
    } ],
    "javaOutputTypeName" : "String",
    "javaParameterName" : "decision_003",
    "javaTypeName" : "Decision_003",
    "knowledgeReferences" : [ ],
    "name" : "decision_003",
    "namespace" : "http://www.montera.com.au/spec/DMN/0085-decision-services",
    "protoRequestName" : "proto.Decision003Request",
    "protoResponseName" : "proto.Decision003Response",
    "transitiveRequiredInput" : [ {
      "@kind" : "inputData",
      "id" : "_inputData_003",
      "javaParameterName" : "inputData_003",
      "javaTypeName" : "String",
      "name" : "inputData_003",
      "namespace" : "http://www.montera.com.au/spec/DMN/0085-decision-services",
      "typeRef" : {
        "localName" : "string",
        "namespace" : "http://www.omg.org/spec/FEEL/20140401"
      }
    } ]
  }, {
    "@kind" : "decision",
    "id" : "_decision_003_input_1",
    "informationReferences" : [ ],
    "javaOutputTypeName" : "String",
    "javaParameterName" : "decision_003_input_1",
    "javaTypeName" : "Decision_003_input_1",
    "knowledgeReferences" : [ ],
    "name" : "decision_003_input_1",
    "namespace" : "http://www.montera.com.au/spec/DMN/0085-decision-services",
    "protoRequestName" : "proto.Decision003Input1Request",
    "protoResponseName" : "proto.Decision003Input1Response",
    "transitiveRequiredInput" : [ ]
  }, {
    "@kind" : "decision",
    "id" : "_decision_003_input_2",
    "informationReferences" : [ ],
    "javaOutputTypeName" : "String",
    "javaParameterName" : "decision_003_input_2",
    "javaTypeName" : "Decision_003_input_2",
    "knowledgeReferences" : [ ],
    "name" : "decision_003_input_2",
    "namespace" : "http://www.montera.com.au/spec/DMN/0085-decision-services",
    "protoRequestName" : "proto.Decision003Input2Request",
    "protoResponseName" : "proto.Decision003Input2Response",
    "transitiveRequiredInput" : [ ]
  }, {
    "@kind" : "decision",
    "id" : "_decision_004_1",
    "informationReferences" : [ ],
    "javaOutputTypeName" : "String",
    "javaParameterName" : "decision_004_1",
    "javaTypeName" : "Decision_004_1",
    "knowledgeReferences" : [ {
      "reference" : "_decisionService_004"
    }, {
      "reference" : "_decisionService_004"
    } ],
    "name" : "decision_004_1",
    "namespace" : "http://www.montera.com.au/spec/DMN/0085-decision-services",
    "protoRequestName" : "proto.Decision0041Request",
    "protoResponseName" : "proto.Decision0041Response",
    "transitiveRequiredInput" : [ ]
  }, {
    "@kind" : "decision",
    "id" : "_decision_004_2",
    "informationReferences" : [ ],
    "javaOutputTypeName" : "String",
    "javaParameterName" : "decision_004_2",
    "javaTypeName" : "Decision_004_2",
    "knowledgeReferences" : [ ],
    "name" : "decision_004_2",
    "namespace" : "http://www.montera.com.au/spec/DMN/0085-decision-services",
    "protoRequestName" : "proto.Decision0042Request",
    "protoResponseName" : "proto.Decision0042Response",
    "transitiveRequiredInput" : [ ]
  }, {
    "@kind" : "decision",
    "id" : "_decision_006_1",
    "informationReferences" : [ ],
    "javaOutputTypeName" : "String",
    "javaParameterName" : "decision_006_1",
    "javaTypeName" : "Decision_006_1",
    "knowledgeReferences" : [ {
      "reference" : "_decisionService_006"
    }, {
      "reference" : "_decisionService_006"
    } ],
    "name" : "decision_006_1",
    "namespace" : "http://www.montera.com.au/spec/DMN/0085-decision-services",
    "protoRequestName" : "proto.Decision0061Request",
    "protoResponseName" : "proto.Decision0061Response",
    "transitiveRequiredInput" : [ ]
  }, {
    "@kind" : "decision",
    "id" : "_decision_006_2",
    "informationReferences" : [ {
      "reference" : "_decision_006_3"
    } ],
    "javaOutputTypeName" : "String",
    "javaParameterName" : "decision_006_2",
    "javaTypeName" : "Decision_006_2",
    "knowledgeReferences" : [ ],
    "name" : "decision_006_2",
    "namespace" : "http://www.montera.com.au/spec/DMN/0085-decision-services",
    "protoRequestName" : "proto.Decision0062Request",
    "protoResponseName" : "proto.Decision0062Response",
    "transitiveRequiredInput" : [ ]
  }, {
    "@kind" : "decision",
    "id" : "_decision_006_3",
    "informationReferences" : [ ],
    "javaOutputTypeName" : "String",
    "javaParameterName" : "decision_006_3",
    "javaTypeName" : "Decision_006_3",
    "knowledgeReferences" : [ ],
    "name" : "decision_006_3",
    "namespace" : "http://www.montera.com.au/spec/DMN/0085-decision-services",
    "protoRequestName" : "proto.Decision0063Request",
    "protoResponseName" : "proto.Decision0063Response",
    "transitiveRequiredInput" : [ ],
    "typeRef" : {
      "localName" : "string",
      "namespace" : "http://www.omg.org/spec/FEEL/20140401"
    }
  }, {
    "@kind" : "decision",
    "id" : "_decision_007_2",
    "informationReferences" : [ {
      "reference" : "_decision_007_3"
    } ],
    "javaOutputTypeName" : "Boolean",
    "javaParameterName" : "decision_007_2",
    "javaTypeName" : "Decision_007_2",
    "knowledgeReferences" : [ ],
    "name" : "decision_007_2",
    "namespace" : "http://www.montera.com.au/spec/DMN/0085-decision-services",
    "protoRequestName" : "proto.Decision0072Request",
    "protoResponseName" : "proto.Decision0072Response",
    "transitiveRequiredInput" : [ ]
  }, {
    "@kind" : "decision",
    "id" : "_decision_007_3",
    "informationReferences" : [ ],
    "javaOutputTypeName" : "String",
    "javaParameterName" : "decision_007_3",
    "javaTypeName" : "Decision_007_3",
    "knowledgeReferences" : [ ],
    "name" : "decision_007_3",
    "namespace" : "http://www.montera.com.au/spec/DMN/0085-decision-services",
    "protoRequestName" : "proto.Decision0073Request",
    "protoResponseName" : "proto.Decision0073Response",
    "transitiveRequiredInput" : [ ],
    "typeRef" : {
      "localName" : "string",
      "namespace" : "http://www.omg.org/spec/FEEL/20140401"
    }
  }, {
    "@kind" : "decision",
    "id" : "_decision_009_1",
    "informationReferences" : [ ],
    "javaOutputTypeName" : "String",
    "javaParameterName" : "decision_009_1",
    "javaTypeName" : "Decision_009_1",
    "knowledgeReferences" : [ {
      "reference" : "_decisionService_009"
    }, {
      "reference" : "_decisionService_009"
    } ],
    "name" : "decision_009_1",
    "namespace" : "http://www.montera.com.au/spec/DMN/0085-decision-services",
    "protoRequestName" : "proto.Decision0091Request",
    "protoResponseName" : "proto.Decision0091Response",
    "transitiveRequiredInput" : [ ]
  }, {
    "@kind" : "decision",
    "id" : "_decision_009_2",
    "informationReferences" : [ {
      "reference" : "_decision_009_3"
    } ],
    "javaOutputTypeName" : "String",
    "javaParameterName" : "decision_009_2",
    "javaTypeName" : "Decision_009_2",
    "knowledgeReferences" : [ ],
    "name" : "decision_009_2",
    "namespace" : "http://www.montera.com.au/spec/DMN/0085-decision-services",
    "protoRequestName" : "proto.Decision0092Request",
    "protoResponseName" : "proto.Decision0092Response",
    "transitiveRequiredInput" : [ ]
  }, {
    "@kind" : "decision",
    "id" : "_decision_009_3",
    "informationReferences" : [ ],
    "javaOutputTypeName" : "String",
    "javaParameterName" : "decision_009_3",
    "javaTypeName" : "Decision_009_3",
    "knowledgeReferences" : [ ],
    "name" : "decision_009_3",
    "namespace" : "http://www.montera.com.au/spec/DMN/0085-decision-services",
    "protoRequestName" : "proto.Decision0093Request",
    "protoResponseName" : "proto.Decision0093Response",
    "transitiveRequiredInput" : [ ],
    "typeRef" : {
      "localName" : "string",
      "namespace" : "http://www.omg.org/spec/FEEL/20140401"
    }
  }, {
    "@kind" : "decision",
    "id" : "_decision_011_1",
    "informationReferences" : [ ],
    "javaOutputTypeName" : "String",
    "javaParameterName" : "decision_011_1",
    "javaTypeName" : "Decision_011_1",
    "knowledgeReferences" : [ {
      "reference" : "_decisionService_011"
    }, {
      "reference" : "_decisionService_011"
    } ],
    "name" : "decision_011_1",
    "namespace" : "http://www.montera.com.au/spec/DMN/0085-decision-services",
    "protoRequestName" : "proto.Decision0111Request",
    "protoResponseName" : "proto.Decision0111Response",
    "transitiveRequiredInput" : [ ]
  }, {
    "@kind" : "decision",
    "id" : "_decision_011_2",
    "informationReferences" : [ {
      "reference" : "_decision_011_3"
    }, {
      "reference" : "_decision_011_4"
    }, {
      "reference" : "_inputData_011_1"
    }, {
      "reference" : "_inputData_011_2"
    } ],
    "javaOutputTypeName" : "String",
    "javaParameterName" : "decision_011_2",
    "javaTypeName" : "Decision_011_2",
    "knowledgeReferences" : [ ],
    "name" : "decision_011_2",
    "namespace" : "http://www.montera.com.au/spec/DMN/0085-decision-services",
    "protoRequestName" : "proto.Decision0112Request",
    "protoResponseName" : "proto.Decision0112Response",
    "transitiveRequiredInput" : [ {
      "@kind" : "inputData",
      "id" : "_inputData_011_1",
      "javaParameterName" : "inputData_011_1",
      "javaTypeName" : "String",
      "name" : "inputData_011_1",
      "namespace" : "http://www.montera.com.au/spec/DMN/0085-decision-services",
      "typeRef" : {
        "localName" : "string",
        "namespace" : "http://www.omg.org/spec/FEEL/20140401"
      }
    }, {
      "@kind" : "inputData",
      "id" : "_inputData_011_2",
      "javaParameterName" : "inputData_011_2",
      "javaTypeName" : "String",
      "name" : "inputData_011_2",
      "namespace" : "http://www.montera.com.au/spec/DMN/0085-decision-services",
      "typeRef" : {
        "localName" : "string",
        "namespace" : "http://www.omg.org/spec/FEEL/20140401"
      }
    } ],
    "typeRef" : {
      "localName" : "string",
      "namespace" : "http://www.omg.org/spec/FEEL/20140401"
    }
  }, {
    "@kind" : "decision",
    "id" : "_decision_011_3",
    "informationReferences" : [ ],
    "javaOutputTypeName" : "String",
    "javaParameterName" : "decision_011_3",
    "javaTypeName" : "Decision_011_3",
    "knowledgeReferences" : [ ],
    "name" : "decision_011_3",
    "namespace" : "http://www.montera.com.au/spec/DMN/0085-decision-services",
    "protoRequestName" : "proto.Decision0113Request",
    "protoResponseName" : "proto.Decision0113Response",
    "transitiveRequiredInput" : [ ],
    "typeRef" : {
      "localName" : "string",
      "namespace" : "http://www.omg.org/spec/FEEL/20140401"
    }
  }, {
    "@kind" : "decision",
    "id" : "_decision_011_4",
    "informationReferences" : [ ],
    "javaOutputTypeName" : "String",
    "javaParameterName" : "decision_011_4",
    "javaTypeName" : "Decision_011_4",
    "knowledgeReferences" : [ ],
    "name" : "decision_011_4",
    "namespace" : "http://www.montera.com.au/spec/DMN/0085-decision-services",
    "protoRequestName" : "proto.Decision0114Request",
    "protoResponseName" : "proto.Decision0114Response",
    "transitiveRequiredInput" : [ ],
    "typeRef" : {
      "localName" : "string",
      "namespace" : "http://www.omg.org/spec/FEEL/20140401"
    }
  }, {
    "@kind" : "decision",
    "id" : "_decision_012_1",
    "informationReferences" : [ ],
    "javaOutputTypeName" : "String",
    "javaParameterName" : "decision_012_1",
    "javaTypeName" : "Decision_012_1",
    "knowledgeReferences" : [ {
      "reference" : "_decisionService_012"
    }, {
      "reference" : "_decisionService_012"
    } ],
    "name" : "decision_012_1",
    "namespace" : "http://www.montera.com.au/spec/DMN/0085-decision-services",
    "protoRequestName" : "proto.Decision0121Request",
    "protoResponseName" : "proto.Decision0121Response",
    "transitiveRequiredInput" : [ ]
  }, {
    "@kind" : "decision",
    "id" : "_decision_012_2",
    "informationReferences" : [ {
      "reference" : "_decision_012_3"
    }, {
      "reference" : "_decision_012_4"
    }, {
      "reference" : "_inputData_012_1"
    }, {
      "reference" : "_inputData_012_2"
    } ],
    "javaOutputTypeName" : "String",
    "javaParameterName" : "decision_012_2",
    "javaTypeName" : "Decision_012_2",
    "knowledgeReferences" : [ ],
    "name" : "decision_012_2",
    "namespace" : "http://www.montera.com.au/spec/DMN/0085-decision-services",
    "protoRequestName" : "proto.Decision0122Request",
    "protoResponseName" : "proto.Decision0122Response",
    "transitiveRequiredInput" : [ {
      "@kind" : "inputData",
      "id" : "_inputData_012_1",
      "javaParameterName" : "inputData_012_1",
      "javaTypeName" : "String",
      "name" : "inputData_012_1",
      "namespace" : "http://www.montera.com.au/spec/DMN/0085-decision-services",
      "typeRef" : {
        "localName" : "string",
        "namespace" : "http://www.omg.org/spec/FEEL/20140401"
      }
    }, {
      "@kind" : "inputData",
      "id" : "_inputData_012_2",
      "javaParameterName" : "inputData_012_2",
      "javaTypeName" : "String",
      "name" : "inputData_012_2",
      "namespace" : "http://www.montera.com.au/spec/DMN/0085-decision-services",
      "typeRef" : {
        "localName" : "string",
        "namespace" : "http://www.omg.org/spec/FEEL/20140401"
      }
    } ],
    "typeRef" : {
      "localName" : "string",
      "namespace" : "http://www.omg.org/spec/FEEL/20140401"
    }
  }, {
    "@kind" : "decision",
    "id" : "_decision_012_3",
    "informationReferences" : [ ],
    "javaOutputTypeName" : "String",
    "javaParameterName" : "decision_012_3",
    "javaTypeName" : "Decision_012_3",
    "knowledgeReferences" : [ ],
    "name" : "decision_012_3",
    "namespace" : "http://www.montera.com.au/spec/DMN/0085-decision-services",
    "protoRequestName" : "proto.Decision0123Request",
    "protoResponseName" : "proto.Decision0123Response",
    "transitiveRequiredInput" : [ ],
    "typeRef" : {
      "localName" : "string",
      "namespace" : "http://www.omg.org/spec/FEEL/20140401"
    }
  }, {
    "@kind" : "decision",
    "id" : "_decision_012_4",
    "informationReferences" : [ ],
    "javaOutputTypeName" : "String",
    "javaParameterName" : "decision_012_4",
    "javaTypeName" : "Decision_012_4",
    "knowledgeReferences" : [ ],
    "name" : "decision_012_4",
    "namespace" : "http://www.montera.com.au/spec/DMN/0085-decision-services",
    "protoRequestName" : "proto.Decision0124Request",
    "protoResponseName" : "proto.Decision0124Response",
    "transitiveRequiredInput" : [ ],
    "typeRef" : {
      "localName" : "string",
      "namespace" : "http://www.omg.org/spec/FEEL/20140401"
    }
  }, {
    "@kind" : "decision",
    "id" : "_decision_013_1",
    "informationReferences" : [ {
      "reference" : "_decision_013_3"
    }, {
      "reference" : "_inputData_013_1"
    } ],
    "javaOutputTypeName" : "com.gs.dmn.runtime.Context",
    "javaParameterName" : "decision_013_1",
    "javaTypeName" : "Decision_013_1",
    "knowledgeReferences" : [ {
      "reference" : "_decisionService_013"
    }, {
      "reference" : "_decisionService_013"
    } ],
    "name" : "decision_013_1",
    "namespace" : "http://www.montera.com.au/spec/DMN/0085-decision-services",
    "protoRequestName" : "proto.Decision0131Request",
    "protoResponseName" : "proto.Decision0131Response",
    "transitiveRequiredInput" : [ {
      "@kind" : "inputData",
      "id" : "_inputData_013_1",
      "javaParameterName" : "inputData_013_1",
      "javaTypeName" : "String",
      "name" : "inputData_013_1",
      "namespace" : "http://www.montera.com.au/spec/DMN/0085-decision-services",
      "typeRef" : {
        "localName" : "string",
        "namespace" : "http://www.omg.org/spec/FEEL/20140401"
      }
    } ]
  }, {
    "@kind" : "decision",
    "id" : "_decision_013_2",
    "informationReferences" : [ {
      "reference" : "_decision_013_3"
    }, {
      "reference" : "_inputData_013_1"
    } ],
    "javaOutputTypeName" : "String",
    "javaParameterName" : "decision_013_2",
    "javaTypeName" : "Decision_013_2",
    "knowledgeReferences" : [ ],
    "name" : "decision_013_2",
    "namespace" : "http://www.montera.com.au/spec/DMN/0085-decision-services",
    "protoRequestName" : "proto.Decision0132Request",
    "protoResponseName" : "proto.Decision0132Response",
    "transitiveRequiredInput" : [ {
      "@kind" : "inputData",
      "id" : "_inputData_013_1",
      "javaParameterName" : "inputData_013_1",
      "javaTypeName" : "String",
      "name" : "inputData_013_1",
      "namespace" : "http://www.montera.com.au/spec/DMN/0085-decision-services",
      "typeRef" : {
        "localName" : "string",
        "namespace" : "http://www.omg.org/spec/FEEL/20140401"
      }
    } ],
    "typeRef" : {
      "localName" : "string",
      "namespace" : "http://www.omg.org/spec/FEEL/20140401"
    }
  }, {
    "@kind" : "decision",
    "id" : "_decision_013_3",
    "informationReferences" : [ ],
    "javaOutputTypeName" : "String",
    "javaParameterName" : "decision_013_3",
    "javaTypeName" : "Decision_013_3",
    "knowledgeReferences" : [ ],
    "name" : "decision_013_3",
    "namespace" : "http://www.montera.com.au/spec/DMN/0085-decision-services",
    "protoRequestName" : "proto.Decision0133Request",
    "protoResponseName" : "proto.Decision0133Response",
    "transitiveRequiredInput" : [ ],
    "typeRef" : {
      "localName" : "string",
      "namespace" : "http://www.omg.org/spec/FEEL/20140401"
    }
  }, {
    "@kind" : "decision",
    "id" : "_decision_014_1",
    "informationReferences" : [ {
      "reference" : "_decision_014_3"
    }, {
      "reference" : "_inputData_014_1"
    } ],
    "javaOutputTypeName" : "com.gs.dmn.runtime.Context",
    "javaParameterName" : "decision_014_1",
    "javaTypeName" : "Decision_014_1",
    "knowledgeReferences" : [ {
      "reference" : "_decisionService_014"
    }, {
      "reference" : "_decisionService_014"
    } ],
    "name" : "decision_014_1",
    "namespace" : "http://www.montera.com.au/spec/DMN/0085-decision-services",
    "protoRequestName" : "proto.Decision0141Request",
    "protoResponseName" : "proto.Decision0141Response",
    "transitiveRequiredInput" : [ {
      "@kind" : "inputData",
      "id" : "_inputData_014_1",
      "javaParameterName" : "inputData_014_1",
      "javaTypeName" : "String",
      "name" : "inputData_014_1",
      "namespace" : "http://www.montera.com.au/spec/DMN/0085-decision-services",
      "typeRef" : {
        "localName" : "string",
        "namespace" : "http://www.omg.org/spec/FEEL/20140401"
      }
    } ]
  }, {
    "@kind" : "decision",
    "id" : "_decision_014_2",
    "informationReferences" : [ {
      "reference" : "_decision_014_3"
    }, {
      "reference" : "_inputData_014_1"
    } ],
    "javaOutputTypeName" : "String",
    "javaParameterName" : "decision_014_2",
    "javaTypeName" : "Decision_014_2",
    "knowledgeReferences" : [ ],
    "name" : "decision_014_2",
    "namespace" : "http://www.montera.com.au/spec/DMN/0085-decision-services",
    "protoRequestName" : "proto.Decision0142Request",
    "protoResponseName" : "proto.Decision0142Response",
    "transitiveRequiredInput" : [ {
      "@kind" : "inputData",
      "id" : "_inputData_014_1",
      "javaParameterName" : "inputData_014_1",
      "javaTypeName" : "String",
      "name" : "inputData_014_1",
      "namespace" : "http://www.montera.com.au/spec/DMN/0085-decision-services",
      "typeRef" : {
        "localName" : "string",
        "namespace" : "http://www.omg.org/spec/FEEL/20140401"
      }
    } ],
    "typeRef" : {
      "localName" : "string",
      "namespace" : "http://www.omg.org/spec/FEEL/20140401"
    }
  }, {
    "@kind" : "decision",
    "id" : "_decision_014_3",
    "informationReferences" : [ ],
    "javaOutputTypeName" : "String",
    "javaParameterName" : "decision_014_3",
    "javaTypeName" : "Decision_014_3",
    "knowledgeReferences" : [ ],
    "name" : "decision_014_3",
    "namespace" : "http://www.montera.com.au/spec/DMN/0085-decision-services",
    "protoRequestName" : "proto.Decision0143Request",
    "protoResponseName" : "proto.Decision0143Response",
    "transitiveRequiredInput" : [ ],
    "typeRef" : {
      "localName" : "string",
      "namespace" : "http://www.omg.org/spec/FEEL/20140401"
    }
  } ]
}