{
  "dmnVersion" : "1.1",
  "modelVersion" : "2.0",
  "platformVersion" : "1.0",
  "dmnNamespaces" : [ "https://www.drools.org/kie-dmn" ],
  "nativeNamespace" : "",
  "types" : [ ],
  "elements" : [ {
    "@kind" : "inputData",
    "id" : "i_Age",
    "javaParameterName" : "age",
    "javaTypeName" : "java.lang.Number",
    "name" : "Age",
    "typeRef" : {
      "localName" : "number",
      "namespace" : "http://www.omg.org/spec/FEEL/20140401"
    }
  }, {
    "@kind" : "inputData",
    "id" : "i_Years_of_Service",
    "javaParameterName" : "yearsOfService",
    "javaTypeName" : "java.lang.Number",
    "name" : "Years of Service",
    "typeRef" : {
      "localName" : "number",
      "namespace" : "http://www.omg.org/spec/FEEL/20140401"
    }
  }, {
    "@kind" : "decision",
    "id" : "d_Base_Vacation_Days",
    "informationReferences" : [ ],
    "javaOutputTypeName" : "java.lang.Number",
    "javaParameterName" : "baseVacationDays",
    "javaTypeName" : "BaseVacationDays",
    "knowledgeReferences" : [ ],
    "name" : "Base Vacation Days",
    "protoRequestName" : "proto.BaseVacationDaysRequest",
    "protoResponseName" : "proto.BaseVacationDaysResponse",
    "transitiveRequiredInput" : [ ],
    "typeRef" : {
      "localName" : "number",
      "namespace" : "http://www.omg.org/spec/FEEL/20140401"
    }
  }, {
    "@kind" : "decision",
    "id" : "d_Extra_days_case_1",
    "informationReferences" : [ {
      "reference" : "i_Age"
    }, {
      "reference" : "i_Years_of_Service"
    } ],
    "javaOutputTypeName" : "java.lang.Number",
    "javaParameterName" : "extraDaysCase1",
    "javaTypeName" : "ExtraDaysCase1",
    "knowledgeReferences" : [ ],
    "name" : "Extra days case 1",
    "protoRequestName" : "proto.ExtraDaysCase1Request",
    "protoResponseName" : "proto.ExtraDaysCase1Response",
    "transitiveRequiredInput" : [ {
      "@kind" : "inputData",
      "id" : "i_Age",
      "javaParameterName" : "age",
      "javaTypeName" : "java.lang.Number",
      "name" : "Age",
      "typeRef" : {
        "localName" : "number",
        "namespace" : "http://www.omg.org/spec/FEEL/20140401"
      }
    }, {
      "@kind" : "inputData",
      "id" : "i_Years_of_Service",
      "javaParameterName" : "yearsOfService",
      "javaTypeName" : "java.lang.Number",
      "name" : "Years of Service",
      "typeRef" : {
        "localName" : "number",
        "namespace" : "http://www.omg.org/spec/FEEL/20140401"
      }
    } ],
    "typeRef" : {
      "localName" : "number",
      "namespace" : "http://www.omg.org/spec/FEEL/20140401"
    }
  }, {
    "@kind" : "decision",
    "id" : "d_Extra_days_case_2",
    "informationReferences" : [ {
      "reference" : "i_Age"
    }, {
      "reference" : "i_Years_of_Service"
    } ],
    "javaOutputTypeName" : "java.lang.Number",
    "javaParameterName" : "extraDaysCase2",
    "javaTypeName" : "ExtraDaysCase2",
    "knowledgeReferences" : [ ],
    "name" : "Extra days case 2",
    "protoRequestName" : "proto.ExtraDaysCase2Request",
    "protoResponseName" : "proto.ExtraDaysCase2Response",
    "transitiveRequiredInput" : [ {
      "@kind" : "inputData",
      "id" : "i_Age",
      "javaParameterName" : "age",
      "javaTypeName" : "java.lang.Number",
      "name" : "Age",
      "typeRef" : {
        "localName" : "number",
        "namespace" : "http://www.omg.org/spec/FEEL/20140401"
      }
    }, {
      "@kind" : "inputData",
      "id" : "i_Years_of_Service",
      "javaParameterName" : "yearsOfService",
      "javaTypeName" : "java.lang.Number",
      "name" : "Years of Service",
      "typeRef" : {
        "localName" : "number",
        "namespace" : "http://www.omg.org/spec/FEEL/20140401"
      }
    } ],
    "typeRef" : {
      "localName" : "number",
      "namespace" : "http://www.omg.org/spec/FEEL/20140401"
    }
  }, {
    "@kind" : "decision",
    "id" : "d_Extra_days_case_3",
    "informationReferences" : [ {
      "reference" : "i_Age"
    }, {
      "reference" : "i_Years_of_Service"
    } ],
    "javaOutputTypeName" : "java.lang.Number",
    "javaParameterName" : "extraDaysCase3",
    "javaTypeName" : "ExtraDaysCase3",
    "knowledgeReferences" : [ ],
    "name" : "Extra days case 3",
    "protoRequestName" : "proto.ExtraDaysCase3Request",
    "protoResponseName" : "proto.ExtraDaysCase3Response",
    "transitiveRequiredInput" : [ {
      "@kind" : "inputData",
      "id" : "i_Age",
      "javaParameterName" : "age",
      "javaTypeName" : "java.lang.Number",
      "name" : "Age",
      "typeRef" : {
        "localName" : "number",
        "namespace" : "http://www.omg.org/spec/FEEL/20140401"
      }
    }, {
      "@kind" : "inputData",
      "id" : "i_Years_of_Service",
      "javaParameterName" : "yearsOfService",
      "javaTypeName" : "java.lang.Number",
      "name" : "Years of Service",
      "typeRef" : {
        "localName" : "number",
        "namespace" : "http://www.omg.org/spec/FEEL/20140401"
      }
    } ],
    "typeRef" : {
      "localName" : "number",
      "namespace" : "http://www.omg.org/spec/FEEL/20140401"
    }
  }, {
    "@kind" : "decision",
    "id" : "d_Total_Vacation_Days",
    "informationReferences" : [ {
      "reference" : "d_Base_Vacation_Days"
    }, {
      "reference" : "d_Extra_days_case_1"
    }, {
      "reference" : "d_Extra_days_case_2"
    }, {
      "reference" : "d_Extra_days_case_3"
    } ],
    "javaOutputTypeName" : "java.lang.Number",
    "javaParameterName" : "totalVacationDays",
    "javaTypeName" : "TotalVacationDays",
    "knowledgeReferences" : [ ],
    "name" : "Total Vacation Days",
    "protoRequestName" : "proto.TotalVacationDaysRequest",
    "protoResponseName" : "proto.TotalVacationDaysResponse",
    "transitiveRequiredInput" : [ {
      "@kind" : "inputData",
      "id" : "i_Age",
      "javaParameterName" : "age",
      "javaTypeName" : "java.lang.Number",
      "name" : "Age",
      "typeRef" : {
        "localName" : "number",
        "namespace" : "http://www.omg.org/spec/FEEL/20140401"
      }
    }, {
      "@kind" : "inputData",
      "id" : "i_Years_of_Service",
      "javaParameterName" : "yearsOfService",
      "javaTypeName" : "java.lang.Number",
      "name" : "Years of Service",
      "typeRef" : {
        "localName" : "number",
        "namespace" : "http://www.omg.org/spec/FEEL/20140401"
      }
    } ],
    "typeRef" : {
      "localName" : "number",
      "namespace" : "http://www.omg.org/spec/FEEL/20140401"
    }
  } ]
}