{
  "dmnVersion" : "1.1",
  "modelVersion" : "2.0",
  "platformVersion" : "1.0",
  "dmnNamespace" : "http://www.provider.com/dmn/1.1/diagram/0328ae48ded84f9fb3a96a1f45213ab4.xml",
  "nativeNamespace" : "",
  "types" : [ {
    "@kind" : "referenceType",
    "allowedValues" : null,
    "id" : "sid-4A7C793A-882C-4867-94B9-AD88D6D6970D",
    "isCollection" : false,
    "label" : "Decision",
    "name" : "decision",
    "typeRef" : {
      "localName" : "number",
      "namespace" : "http://www.omg.org/spec/FEEL/20140401"
    }
  }, {
    "@kind" : "referenceType",
    "allowedValues" : null,
    "id" : "diagram-0328ae48ded84f9fb3a96a1f45213ab4-itemDefinition-sid-3F148E87-DF6E-42AF-B209-4D532421A2F9",
    "isCollection" : false,
    "label" : "NumberInput",
    "name" : "numberInput",
    "typeRef" : {
      "localName" : "number",
      "namespace" : "http://www.omg.org/spec/FEEL/20140401"
    }
  }, {
    "@kind" : "referenceType",
    "allowedValues" : null,
    "id" : "diagram-0328ae48ded84f9fb3a96a1f45213ab4-itemDefinition-sid-404A0FC2-6787-4210-BB30-2E7964835E99",
    "isCollection" : false,
    "label" : "TextInput",
    "name" : "textInput",
    "typeRef" : {
      "localName" : "string",
      "namespace" : "http://www.omg.org/spec/FEEL/20140401"
    }
  } ],
  "elements" : [ {
    "@kind" : "inputData",
    "diagramId" : null,
    "id" : "diagram-0328ae48ded84f9fb3a96a1f45213ab4-inputdata-sid-3F148E87-DF6E-42AF-B209-4D532421A2F9",
    "javaParameterName" : "numberInput",
    "javaTypeName" : "java.math.BigDecimal",
    "label" : "NumberInput",
    "name" : "numberInput",
    "shapeId" : null,
    "typeRef" : {
      "localName" : "numberInput",
      "namespace" : "http://www.provider.com/dmn/1.1/diagram/0328ae48ded84f9fb3a96a1f45213ab4.xml"
    }
  }, {
    "@kind" : "inputData",
    "diagramId" : null,
    "id" : "diagram-0328ae48ded84f9fb3a96a1f45213ab4-inputdata-sid-404A0FC2-6787-4210-BB30-2E7964835E99",
    "javaParameterName" : "textInput",
    "javaTypeName" : "String",
    "label" : "TextInput",
    "name" : "textInput",
    "shapeId" : null,
    "typeRef" : {
      "localName" : "textInput",
      "namespace" : "http://www.provider.com/dmn/1.1/diagram/0328ae48ded84f9fb3a96a1f45213ab4.xml"
    }
  }, {
    "@kind" : "decision",
    "diagramId" : null,
    "extensions" : [ ],
    "id" : "diagram-0328ae48ded84f9fb3a96a1f45213ab4-decision-sid-4A7C793A-882C-4867-94B9-AD88D6D6970D",
    "informationReferences" : [ {
      "reference" : "diagram-0328ae48ded84f9fb3a96a1f45213ab4-inputdata-sid-3F148E87-DF6E-42AF-B209-4D532421A2F9"
    }, {
      "reference" : "diagram-0328ae48ded84f9fb3a96a1f45213ab4-inputdata-sid-404A0FC2-6787-4210-BB30-2E7964835E99"
    } ],
    "javaOutputTypeName" : "java.math.BigDecimal",
    "javaParameterName" : "decision",
    "javaTypeName" : "Decision",
    "knowledgeReferences" : [ ],
    "label" : "Decision",
    "name" : "decision",
    "protoRequestName" : "proto.DecisionRequest",
    "protoResponseName" : "proto.DecisionResponse",
    "shapeId" : null,
    "transitiveRequiredInput" : [ {
      "@kind" : "inputData",
      "diagramId" : null,
      "id" : "diagram-0328ae48ded84f9fb3a96a1f45213ab4-inputdata-sid-3F148E87-DF6E-42AF-B209-4D532421A2F9",
      "javaParameterName" : "numberInput",
      "javaTypeName" : "java.math.BigDecimal",
      "label" : "NumberInput",
      "name" : "numberInput",
      "shapeId" : null,
      "typeRef" : {
        "localName" : "numberInput",
        "namespace" : "http://www.provider.com/dmn/1.1/diagram/0328ae48ded84f9fb3a96a1f45213ab4.xml"
      }
    }, {
      "@kind" : "inputData",
      "diagramId" : null,
      "id" : "diagram-0328ae48ded84f9fb3a96a1f45213ab4-inputdata-sid-404A0FC2-6787-4210-BB30-2E7964835E99",
      "javaParameterName" : "textInput",
      "javaTypeName" : "String",
      "label" : "TextInput",
      "name" : "textInput",
      "shapeId" : null,
      "typeRef" : {
        "localName" : "textInput",
        "namespace" : "http://www.provider.com/dmn/1.1/diagram/0328ae48ded84f9fb3a96a1f45213ab4.xml"
      }
    } ],
    "typeRef" : {
      "localName" : "decision",
      "namespace" : "http://www.provider.com/dmn/1.1/diagram/0328ae48ded84f9fb3a96a1f45213ab4.xml"
    }
  } ]
}