{
  "dmnVersion" : "1.1",
  "modelVersion" : "2.0",
  "platformVersion" : "1.0",
  "dmnNamespaces" : [ "http://www.trisotech.com/definitions/_791b8e95-b7a7-40e7-9dd1-5ff12364f340" ],
  "nativeNamespace" : "",
  "types" : [ ],
  "elements" : [ {
    "@kind" : "inputData",
    "id" : "_41effb45-b3c4-46ac-b1da-122b3e428a98",
    "javaParameterName" : "age",
    "javaTypeName" : "java.lang.Number?",
    "name" : "Age",
    "typeRef" : {
      "localName" : "number",
      "namespace" : "http://www.omg.org/spec/FEEL/20140401"
    }
  }, {
    "@kind" : "inputData",
    "id" : "_5a4bdb64-f0ef-4978-9e03-6f1ae64a1f17",
    "javaParameterName" : "riskCategory",
    "javaTypeName" : "String?",
    "name" : "RiskCategory",
    "typeRef" : {
      "localName" : "string",
      "namespace" : "http://www.omg.org/spec/FEEL/20140401"
    }
  }, {
    "@kind" : "inputData",
    "id" : "_8ff18665-84e9-49f2-a8df-8981b1844549",
    "javaParameterName" : "isAffordable",
    "javaTypeName" : "Boolean?",
    "name" : "isAffordable",
    "typeRef" : {
      "localName" : "boolean",
      "namespace" : "http://www.omg.org/spec/FEEL/20140401"
    }
  }, {
    "@kind" : "decision",
    "id" : "_3b2953a3-745f-4d2e-b55d-75c8c5ae653c",
    "informationReferences" : [ {
      "reference" : "_5a4bdb64-f0ef-4978-9e03-6f1ae64a1f17"
    }, {
      "reference" : "_41effb45-b3c4-46ac-b1da-122b3e428a98"
    }, {
      "reference" : "_8ff18665-84e9-49f2-a8df-8981b1844549"
    } ],
    "javaOutputTypeName" : "String?",
    "javaParameterName" : "approvalStatus",
    "javaTypeName" : "ApprovalStatus",
    "knowledgeReferences" : [ ],
    "name" : "Approval Status",
    "protoRequestName" : "proto.ApprovalStatusRequest",
    "protoResponseName" : "proto.ApprovalStatusResponse",
    "transitiveRequiredInput" : [ {
      "@kind" : "inputData",
      "id" : "_41effb45-b3c4-46ac-b1da-122b3e428a98",
      "javaParameterName" : "age",
      "javaTypeName" : "java.lang.Number?",
      "name" : "Age",
      "typeRef" : {
        "localName" : "number",
        "namespace" : "http://www.omg.org/spec/FEEL/20140401"
      }
    }, {
      "@kind" : "inputData",
      "id" : "_5a4bdb64-f0ef-4978-9e03-6f1ae64a1f17",
      "javaParameterName" : "riskCategory",
      "javaTypeName" : "String?",
      "name" : "RiskCategory",
      "typeRef" : {
        "localName" : "string",
        "namespace" : "http://www.omg.org/spec/FEEL/20140401"
      }
    }, {
      "@kind" : "inputData",
      "id" : "_8ff18665-84e9-49f2-a8df-8981b1844549",
      "javaParameterName" : "isAffordable",
      "javaTypeName" : "Boolean?",
      "name" : "isAffordable",
      "typeRef" : {
        "localName" : "boolean",
        "namespace" : "http://www.omg.org/spec/FEEL/20140401"
      }
    } ],
    "typeRef" : {
      "localName" : "string",
      "namespace" : "http://www.omg.org/spec/FEEL/20140401"
    }
  } ]
}