[ [ {
  "Addresses" : [ {
    "Line" : "11",
    "Postcode" : "11"
  }, {
    "Line" : "12",
    "Postcode" : "12"
  } ],
  "ID" : 1
} ] ]