{
  "dmnVersion" : "1.1",
  "modelVersion" : "2.0",
  "platformVersion" : "1.0",
  "dmnNamespaces" : [ "http://www.gs.com/spec/DMN/9001-recursive-function" ],
  "nativeNamespace" : "",
  "types" : [ ],
  "elements" : [ {
    "@kind" : "inputData",
    "diagramId" : null,
    "id" : "i_n",
    "javaParameterName" : "n",
    "javaTypeName" : "java.lang.Number",
    "label" : null,
    "name" : "n",
    "shapeId" : null,
    "typeRef" : {
      "localName" : "number",
      "namespace" : "http://www.omg.org/spec/FEEL/20140401"
    }
  }, {
    "@kind" : "bkm",
    "diagramId" : null,
    "id" : "b_FACT",
    "javaOutputTypeName" : "java.lang.Number",
    "javaParameterName" : "fACT",
    "javaTypeName" : "FACT",
    "knowledgeReferences" : [ ],
    "label" : null,
    "name" : "FACT",
    "shapeId" : null,
    "typeRef" : null
  }, {
    "@kind" : "decision",
    "diagramId" : null,
    "extensions" : null,
    "id" : "d_main",
    "informationReferences" : [ {
      "reference" : "i_n"
    } ],
    "javaOutputTypeName" : "java.lang.Number",
    "javaParameterName" : "main",
    "javaTypeName" : "Main",
    "knowledgeReferences" : [ {
      "reference" : "b_FACT"
    }, {
      "reference" : "b_FACT"
    } ],
    "label" : null,
    "name" : "main",
    "protoRequestName" : "proto.MainRequest",
    "protoResponseName" : "proto.MainResponse",
    "shapeId" : null,
    "transitiveRequiredInput" : [ {
      "@kind" : "inputData",
      "diagramId" : null,
      "id" : "i_n",
      "javaParameterName" : "n",
      "javaTypeName" : "java.lang.Number",
      "label" : null,
      "name" : "n",
      "shapeId" : null,
      "typeRef" : {
        "localName" : "number",
        "namespace" : "http://www.omg.org/spec/FEEL/20140401"
      }
    } ],
    "typeRef" : {
      "localName" : "number",
      "namespace" : "http://www.omg.org/spec/FEEL/20140401"
    }
  } ]
}