{
  "dmnVersion" : "1.1",
  "modelVersion" : "2.0",
  "platformVersion" : "1.0",
  "dmnNamespaces" : [ "http://www.trisotech.com/definitions/_cb28c255-91cd-4c01-ac7b-1a9cb1ecdb11" ],
  "nativeNamespace" : "",
  "types" : [ {
    "@kind" : "compositeType",
    "id" : "_f909c1d5-36e4-4f71-8392-fe3b14ddb6f7",
    "isCollection" : false,
    "label" : null,
    "name" : "tLoan",
    "types" : [ {
      "@kind" : "referenceType",
      "allowedValues" : null,
      "id" : "_579041dc-2bad-42b4-9650-b2cf39175ecc",
      "isCollection" : false,
      "label" : null,
      "name" : "amount",
      "typeRef" : {
        "localName" : "number",
        "namespace" : "http://www.omg.org/spec/FEEL/20140401"
      }
    }, {
      "@kind" : "referenceType",
      "allowedValues" : null,
      "id" : "_353c0e6f-b344-451e-944e-bec76817b29a",
      "isCollection" : false,
      "label" : null,
      "name" : "rate",
      "typeRef" : {
        "localName" : "number",
        "namespace" : "http://www.omg.org/spec/FEEL/20140401"
      }
    }, {
      "@kind" : "referenceType",
      "allowedValues" : null,
      "id" : "_c7b4a252-df93-4407-8bef-9d30d94125b6",
      "isCollection" : false,
      "label" : null,
      "name" : "term",
      "typeRef" : {
        "localName" : "number",
        "namespace" : "http://www.omg.org/spec/FEEL/20140401"
      }
    } ]
  } ],
  "elements" : [ {
    "@kind" : "inputData",
    "diagramId" : null,
    "id" : "i_Loan",
    "javaParameterName" : "loan",
    "javaTypeName" : "type.TLoan",
    "label" : null,
    "name" : "Loan",
    "shapeId" : null,
    "typeRef" : {
      "localName" : "tLoan",
      "namespace" : "http://www.trisotech.com/definitions/_cb28c255-91cd-4c01-ac7b-1a9cb1ecdb11"
    }
  }, {
    "@kind" : "inputData",
    "diagramId" : null,
    "id" : "i_fee",
    "javaParameterName" : "fee",
    "javaTypeName" : "java.lang.Number",
    "label" : null,
    "name" : "fee",
    "shapeId" : null,
    "typeRef" : {
      "localName" : "number",
      "namespace" : "http://www.omg.org/spec/FEEL/20140401"
    }
  }, {
    "@kind" : "bkm",
    "diagramId" : null,
    "id" : "b_PMT",
    "javaOutputTypeName" : "java.lang.Number",
    "javaParameterName" : "pMT",
    "javaTypeName" : "PMT",
    "knowledgeReferences" : [ ],
    "label" : null,
    "name" : "PMT",
    "shapeId" : null,
    "typeRef" : null
  }, {
    "@kind" : "decision",
    "diagramId" : null,
    "extensions" : null,
    "id" : "d_MonthlyPayment",
    "informationReferences" : [ {
      "reference" : "i_Loan"
    }, {
      "reference" : "i_fee"
    } ],
    "javaOutputTypeName" : "java.lang.Number",
    "javaParameterName" : "monthlyPayment",
    "javaTypeName" : "MonthlyPayment",
    "knowledgeReferences" : [ {
      "reference" : "b_PMT"
    }, {
      "reference" : "b_PMT"
    } ],
    "label" : null,
    "name" : "MonthlyPayment",
    "protoRequestName" : "proto.MonthlyPaymentRequest",
    "protoResponseName" : "proto.MonthlyPaymentResponse",
    "shapeId" : null,
    "transitiveRequiredInput" : [ {
      "@kind" : "inputData",
      "diagramId" : null,
      "id" : "i_Loan",
      "javaParameterName" : "loan",
      "javaTypeName" : "type.TLoan",
      "label" : null,
      "name" : "Loan",
      "shapeId" : null,
      "typeRef" : {
        "localName" : "tLoan",
        "namespace" : "http://www.trisotech.com/definitions/_cb28c255-91cd-4c01-ac7b-1a9cb1ecdb11"
      }
    }, {
      "@kind" : "inputData",
      "diagramId" : null,
      "id" : "i_fee",
      "javaParameterName" : "fee",
      "javaTypeName" : "java.lang.Number",
      "label" : null,
      "name" : "fee",
      "shapeId" : null,
      "typeRef" : {
        "localName" : "number",
        "namespace" : "http://www.omg.org/spec/FEEL/20140401"
      }
    } ],
    "typeRef" : {
      "localName" : "number",
      "namespace" : "http://www.omg.org/spec/FEEL/20140401"
    }
  } ]
}